Archive member included to satisfy reference by file (symbol)

C:/ST/STM32CubeIDE_1.17.0/STM32CubeIDE/plugins/com.st.stm32cube.ide.mcu.externaltools.gnu-tools-for-stm32.12.3.rel1.win32_1.1.0.202410251130/tools/bin/../lib/gcc/arm-none-eabi/12.3.1/../../../../arm-none-eabi/lib/thumb/v8-m.main+fp/hard\libstdc++_nano.a(del_op.o)
                              ./Core/Src/app_main.o (operator delete(void*))
C:/ST/STM32CubeIDE_1.17.0/STM32CubeIDE/plugins/com.st.stm32cube.ide.mcu.externaltools.gnu-tools-for-stm32.12.3.rel1.win32_1.1.0.202410251130/tools/bin/../lib/gcc/arm-none-eabi/12.3.1/../../../../arm-none-eabi/lib/thumb/v8-m.main+fp/hard\libstdc++_nano.a(del_ops.o)
                              ./Core/Src/app_main.o (operator delete(void*, unsigned int))
C:/ST/STM32CubeIDE_1.17.0/STM32CubeIDE/plugins/com.st.stm32cube.ide.mcu.externaltools.gnu-tools-for-stm32.12.3.rel1.win32_1.1.0.202410251130/tools/bin/../lib/gcc/arm-none-eabi/12.3.1/../../../../arm-none-eabi/lib/thumb/v8-m.main+fp/hard\libstdc++_nano.a(del_opv.o)
                              ./Core/Src/app_main.o (operator delete[](void*))
C:/ST/STM32CubeIDE_1.17.0/STM32CubeIDE/plugins/com.st.stm32cube.ide.mcu.externaltools.gnu-tools-for-stm32.12.3.rel1.win32_1.1.0.202410251130/tools/bin/../lib/gcc/arm-none-eabi/12.3.1/../../../../arm-none-eabi/lib/thumb/v8-m.main+fp/hard\libstdc++_nano.a(guard.o)
                              ./Core/Src/app_main.o (__cxa_guard_acquire)
C:/ST/STM32CubeIDE_1.17.0/STM32CubeIDE/plugins/com.st.stm32cube.ide.mcu.externaltools.gnu-tools-for-stm32.12.3.rel1.win32_1.1.0.202410251130/tools/bin/../lib/gcc/arm-none-eabi/12.3.1/../../../../arm-none-eabi/lib/thumb/v8-m.main+fp/hard\libstdc++_nano.a(new_op.o)
                              ./Core/Src/app_main.o (operator new(unsigned int))
C:/ST/STM32CubeIDE_1.17.0/STM32CubeIDE/plugins/com.st.stm32cube.ide.mcu.externaltools.gnu-tools-for-stm32.12.3.rel1.win32_1.1.0.202410251130/tools/bin/../lib/gcc/arm-none-eabi/12.3.1/../../../../arm-none-eabi/lib/thumb/v8-m.main+fp/hard\libstdc++_nano.a(new_opv.o)
                              ./Core/Src/app_main.o (operator new[](unsigned int))
C:/ST/STM32CubeIDE_1.17.0/STM32CubeIDE/plugins/com.st.stm32cube.ide.mcu.externaltools.gnu-tools-for-stm32.12.3.rel1.win32_1.1.0.202410251130/tools/bin/../lib/gcc/arm-none-eabi/12.3.1/../../../../arm-none-eabi/lib/thumb/v8-m.main+fp/hard\libstdc++_nano.a(allocator-inst.o)
                              ./Core/Src/app_main.o (std::allocator<char>::allocator())
C:/ST/STM32CubeIDE_1.17.0/STM32CubeIDE/plugins/com.st.stm32cube.ide.mcu.externaltools.gnu-tools-for-stm32.12.3.rel1.win32_1.1.0.202410251130/tools/bin/../lib/gcc/arm-none-eabi/12.3.1/../../../../arm-none-eabi/lib/thumb/v8-m.main+fp/hard\libstdc++_nano.a(functexcept.o)
                              ./Core/Src/app_main.o (std::__throw_bad_alloc())
C:/ST/STM32CubeIDE_1.17.0/STM32CubeIDE/plugins/com.st.stm32cube.ide.mcu.externaltools.gnu-tools-for-stm32.12.3.rel1.win32_1.1.0.202410251130/tools/bin/../lib/gcc/arm-none-eabi/12.3.1/../../../../arm-none-eabi/lib/thumb/v8-m.main+fp/hard\libstdc++_nano.a(new_handler.o)
                              C:/ST/STM32CubeIDE_1.17.0/STM32CubeIDE/plugins/com.st.stm32cube.ide.mcu.externaltools.gnu-tools-for-stm32.12.3.rel1.win32_1.1.0.202410251130/tools/bin/../lib/gcc/arm-none-eabi/12.3.1/../../../../arm-none-eabi/lib/thumb/v8-m.main+fp/hard\libstdc++_nano.a(new_op.o) (std::get_new_handler())
C:/ST/STM32CubeIDE_1.17.0/STM32CubeIDE/plugins/com.st.stm32cube.ide.mcu.externaltools.gnu-tools-for-stm32.12.3.rel1.win32_1.1.0.202410251130/tools/bin/../lib/gcc/arm-none-eabi/12.3.1/../../../../arm-none-eabi/lib/thumb/v8-m.main+fp/hard\libm.a(libm_a-w_pow.o)
                              ./Core/Src/BMXX80.o (pow)
C:/ST/STM32CubeIDE_1.17.0/STM32CubeIDE/plugins/com.st.stm32cube.ide.mcu.externaltools.gnu-tools-for-stm32.12.3.rel1.win32_1.1.0.202410251130/tools/bin/../lib/gcc/arm-none-eabi/12.3.1/../../../../arm-none-eabi/lib/thumb/v8-m.main+fp/hard\libm.a(libm_a-s_finite.o)
                              C:/ST/STM32CubeIDE_1.17.0/STM32CubeIDE/plugins/com.st.stm32cube.ide.mcu.externaltools.gnu-tools-for-stm32.12.3.rel1.win32_1.1.0.202410251130/tools/bin/../lib/gcc/arm-none-eabi/12.3.1/../../../../arm-none-eabi/lib/thumb/v8-m.main+fp/hard\libm.a(libm_a-w_pow.o) (finite)
C:/ST/STM32CubeIDE_1.17.0/STM32CubeIDE/plugins/com.st.stm32cube.ide.mcu.externaltools.gnu-tools-for-stm32.12.3.rel1.win32_1.1.0.202410251130/tools/bin/../lib/gcc/arm-none-eabi/12.3.1/../../../../arm-none-eabi/lib/thumb/v8-m.main+fp/hard\libm.a(libm_a-e_pow.o)
                              C:/ST/STM32CubeIDE_1.17.0/STM32CubeIDE/plugins/com.st.stm32cube.ide.mcu.externaltools.gnu-tools-for-stm32.12.3.rel1.win32_1.1.0.202410251130/tools/bin/../lib/gcc/arm-none-eabi/12.3.1/../../../../arm-none-eabi/lib/thumb/v8-m.main+fp/hard\libm.a(libm_a-w_pow.o) (__ieee754_pow)
[...]
Memory Configuration

Name             Origin             Length             Attributes
RAM              0x20000000         0x000a0000         xrw
FLASH            0x08000000         0x00200000         xr
*default*        0x00000000         0xffffffff

Linker script and memory map

LOAD C:/ST/STM32CubeIDE_1.17.0/STM32CubeIDE/plugins/com.st.stm32cube.ide.mcu.externaltools.gnu-tools-for-stm32.12.3.rel1.win32_1.1.0.202410251130/tools/bin/../lib/gcc/arm-none-eabi/12.3.1/thumb/v8-m.main+fp/hard/crti.o
LOAD C:/ST/STM32CubeIDE_1.17.0/STM32CubeIDE/plugins/com.st.stm32cube.ide.mcu.externaltools.gnu-tools-for-stm32.12.3.rel1.win32_1.1.0.202410251130/tools/bin/../lib/gcc/arm-none-eabi/12.3.1/thumb/v8-m.main+fp/hard/crtbegin.o
LOAD C:/ST/STM32CubeIDE_1.17.0/STM32CubeIDE/plugins/com.st.stm32cube.ide.mcu.externaltools.gnu-tools-for-stm32.12.3.rel1.win32_1.1.0.202410251130/tools/bin/../lib/gcc/arm-none-eabi/12.3.1/../../../../arm-none-eabi/lib/thumb/v8-m.main+fp/hard/crt0.o
LOAD ./Core/Src/BMXX80.o
LOAD ./Core/Src/app_main.o
LOAD ./Core/Src/main.o
LOAD ./Core/Src/stm32h5xx_hal_msp.o
LOAD ./Core/Src/stm32h5xx_it.o
LOAD ./Core/Src/syscalls.o
LOAD ./Core/Src/sysmem.o
LOAD ./Core/Src/system_stm32h5xx.o
LOAD ./Core/Startup/startup_stm32h563zitx.o
LOAD ./Drivers/STM32H5xx_HAL_Driver/Src/stm32h5xx_hal.o
LOAD ./Drivers/STM32H5xx_HAL_Driver/Src/stm32h5xx_hal_cortex.o
LOAD ./Drivers/STM32H5xx_HAL_Driver/Src/stm32h5xx_hal_dma.o
LOAD ./Drivers/STM32H5xx_HAL_Driver/Src/stm32h5xx_hal_dma_ex.o
LOAD ./Drivers/STM32H5xx_HAL_Driver/Src/stm32h5xx_hal_exti.o
LOAD ./Drivers/STM32H5xx_HAL_Driver/Src/stm32h5xx_hal_flash.o
LOAD ./Drivers/STM32H5xx_HAL_Driver/Src/stm32h5xx_hal_flash_ex.o
LOAD ./Drivers/STM32H5xx_HAL_Driver/Src/stm32h5xx_hal_gpio.o
LOAD ./Drivers/STM32H5xx_HAL_Driver/Src/stm32h5xx_hal_i2c.o
LOAD ./Drivers/STM32H5xx_HAL_Driver/Src/stm32h5xx_hal_i2c_ex.o
LOAD ./Drivers/STM32H5xx_HAL_Driver/Src/stm32h5xx_hal_pwr.o
LOAD ./Drivers/STM32H5xx_HAL_Driver/Src/stm32h5xx_hal_pwr_ex.o
LOAD ./Drivers/STM32H5xx_HAL_Driver/Src/stm32h5xx_hal_rcc.o
LOAD ./Drivers/STM32H5xx_HAL_Driver/Src/stm32h5xx_hal_rcc_ex.o
LOAD ./Drivers/STM32H5xx_HAL_Driver/Src/stm32h5xx_hal_tim.o
LOAD ./Drivers/STM32H5xx_HAL_Driver/Src/stm32h5xx_hal_tim_ex.o
LOAD ./Drivers/STM32H5xx_HAL_Driver/Src/stm32h5xx_hal_uart.o
LOAD ./Drivers/STM32H5xx_HAL_Driver/Src/stm32h5xx_hal_uart_ex.o
START GROUP
LOAD C:/ST/STM32CubeIDE_1.17.0/STM32CubeIDE/plugins/com.st.stm32cube.ide.mcu.externaltools.gnu-tools-for-stm32.12.3.rel1.win32_1.1.0.202410251130/tools/bin/../lib/gcc/arm-none-eabi/12.3.1/../../../../arm-none-eabi/lib/thumb/v8-m.main+fp/hard\libstdc++_nano.a
LOAD C:/ST/STM32CubeIDE_1.17.0/STM32CubeIDE/plugins/com.st.stm32cube.ide.mcu.externaltools.gnu-tools-for-stm32.12.3.rel1.win32_1.1.0.202410251130/tools/bin/../lib/gcc/arm-none-eabi/12.3.1/../../../../arm-none-eabi/lib/thumb/v8-m.main+fp/hard\libsupc++_nano.a
END GROUP
LOAD C:/ST/STM32CubeIDE_1.17.0/STM32CubeIDE/plugins/com.st.stm32cube.ide.mcu.externaltools.gnu-tools-for-stm32.12.3.rel1.win32_1.1.0.202410251130/tools/bin/../lib/gcc/arm-none-eabi/12.3.1/../../../../arm-none-eabi/lib/thumb/v8-m.main+fp/hard\libstdc++_nano.a
LOAD C:/ST/STM32CubeIDE_1.17.0/STM32CubeIDE/plugins/com.st.stm32cube.ide.mcu.externaltools.gnu-tools-for-stm32.12.3.rel1.win32_1.1.0.202410251130/tools/bin/../lib/gcc/arm-none-eabi/12.3.1/../../../../arm-none-eabi/lib/thumb/v8-m.main+fp/hard\libm.a
LOAD C:/ST/STM32CubeIDE_1.17.0/STM32CubeIDE/plugins/com.st.stm32cube.ide.mcu.externaltools.gnu-tools-for-stm32.12.3.rel1.win32_1.1.0.202410251130/tools/bin/../lib/gcc/arm-none-eabi/12.3.1/../../../../arm-none-eabi/lib/thumb/v8-m.main+fp/hard\libc_nano.a
START GROUP
LOAD C:/ST/STM32CubeIDE_1.17.0/STM32CubeIDE/plugins/com.st.stm32cube.ide.mcu.externaltools.gnu-tools-for-stm32.12.3.rel1.win32_1.1.0.202410251130/tools/bin/../lib/gcc/arm-none-eabi/12.3.1/thumb/v8-m.main+fp/hard\libgcc.a
LOAD C:/ST/STM32CubeIDE_1.17.0/STM32CubeIDE/plugins/com.st.stm32cube.ide.mcu.externaltools.gnu-tools-for-stm32.12.3.rel1.win32_1.1.0.202410251130/tools/bin/../lib/gcc/arm-none-eabi/12.3.1/../../../../arm-none-eabi/lib/thumb/v8-m.main+fp/hard\libc_nano.a
END GROUP
START GROUP
LOAD C:/ST/STM32CubeIDE_1.17.0/STM32CubeIDE/plugins/com.st.stm32cube.ide.mcu.externaltools.gnu-tools-for-stm32.12.3.rel1.win32_1.1.0.202410251130/tools/bin/../lib/gcc/arm-none-eabi/12.3.1/thumb/v8-m.main+fp/hard\libgcc.a
LOAD C:/ST/STM32CubeIDE_1.17.0/STM32CubeIDE/plugins/com.st.stm32cube.ide.mcu.externaltools.gnu-tools-for-stm32.12.3.rel1.win32_1.1.0.202410251130/tools/bin/../lib/gcc/arm-none-eabi/12.3.1/../../../../arm-none-eabi/lib/thumb/v8-m.main+fp/hard\libc_nano.a
LOAD C:/ST/STM32CubeIDE_1.17.0/STM32CubeIDE/plugins/com.st.stm32cube.ide.mcu.externaltools.gnu-tools-for-stm32.12.3.rel1.win32_1.1.0.202410251130/tools/bin/../lib/gcc/arm-none-eabi/12.3.1/../../../../arm-none-eabi/lib/thumb/v8-m.main+fp/hard\libnosys.a
END GROUP
START GROUP
LOAD C:/ST/STM32CubeIDE_1.17.0/STM32CubeIDE/plugins/com.st.stm32cube.ide.mcu.externaltools.gnu-tools-for-stm32.12.3.rel1.win32_1.1.0.202410251130/tools/bin/../lib/gcc/arm-none-eabi/12.3.1/thumb/v8-m.main+fp/hard\libgcc.a
LOAD C:/ST/STM32CubeIDE_1.17.0/STM32CubeIDE/plugins/com.st.stm32cube.ide.mcu.externaltools.gnu-tools-for-stm32.12.3.rel1.win32_1.1.0.202410251130/tools/bin/../lib/gcc/arm-none-eabi/12.3.1/../../../../arm-none-eabi/lib/thumb/v8-m.main+fp/hard\libc_nano.a
LOAD C:/ST/STM32CubeIDE_1.17.0/STM32CubeIDE/plugins/com.st.stm32cube.ide.mcu.externaltools.gnu-tools-for-stm32.12.3.rel1.win32_1.1.0.202410251130/tools/bin/../lib/gcc/arm-none-eabi/12.3.1/../../../../arm-none-eabi/lib/thumb/v8-m.main+fp/hard\libnosys.a
END GROUP
LOAD C:/ST/STM32CubeIDE_1.17.0/STM32CubeIDE/plugins/com.st.stm32cube.ide.mcu.externaltools.gnu-tools-for-stm32.12.3.rel1.win32_1.1.0.202410251130/tools/bin/../lib/gcc/arm-none-eabi/12.3.1/thumb/v8-m.main+fp/hard/crtend.o
LOAD C:/ST/STM32CubeIDE_1.17.0/STM32CubeIDE/plugins/com.st.stm32cube.ide.mcu.externaltools.gnu-tools-for-stm32.12.3.rel1.win32_1.1.0.202410251130/tools/bin/../lib/gcc/arm-none-eabi/12.3.1/thumb/v8-m.main+fp/hard/crtn.o
                0x200a0000                        _estack = (ORIGIN (RAM) + LENGTH (RAM))
                0x00000200                        _Min_Heap_Size = 0x200
                0x00000400                        _Min_Stack_Size = 0x400

.isr_vector     0x08000000      0x24c
                0x08000000                        . = ALIGN (0x4)
 *(.isr_vector)
 .isr_vector    0x08000000      0x24c ./Core/Startup/startup_stm32h563zitx.o
                0x08000000                g_pfnVectors
                0x0800024c                        . = ALIGN (0x4)

.text           0x08000250    0x13a1c
                0x08000250                        . = ALIGN (0x4)
 *(.text)
 .text          0x08000250       0x40 C:/ST/STM32CubeIDE_1.17.0/STM32CubeIDE/plugins/com.st.stm32cube.ide.mcu.externaltools.gnu-tools-for-stm32.12.3.rel1.win32_1.1.0.202410251130/tools/bin/../lib/gcc/arm-none-eabi/12.3.1/thumb/v8-m.main+fp/hard/crtbegin.o
 .text          0x08000290       0x14 C:/ST/STM32CubeIDE_1.17.0/STM32CubeIDE/plugins/com.st.stm32cube.ide.mcu.externaltools.gnu-tools-for-stm32.12.3.rel1.win32_1.1.0.202410251130/tools/bin/../lib/gcc/arm-none-eabi/12.3.1/../../../../arm-none-eabi/lib/thumb/v8-m.main+fp/hard\libc_nano.a(libc_a-strcmp.o)
                0x08000290                strcmp
 .text          0x080002a4       0x10 C:/ST/STM32CubeIDE_1.17.0/STM32CubeIDE/plugins/com.st.stm32cube.ide.mcu.externaltools.gnu-tools-for-stm32.12.3.rel1.win32_1.1.0.202410251130/tools/bin/../lib/gcc/arm-none-eabi/12.3.1/../../../../arm-none-eabi/lib/thumb/v8-m.main+fp/hard\libc_nano.a(libc_a-strlen.o)
                0x080002a4                strlen
 .text          0x080002b4      0x378 C:/ST/STM32CubeIDE_1.17.0/STM32CubeIDE/plugins/com.st.stm32cube.ide.mcu.externaltools.gnu-tools-for-stm32.12.3.rel1.win32_1.1.0.202410251130/tools/bin/../lib/gcc/arm-none-eabi/12.3.1/thumb/v8-m.main+fp/hard\libgcc.a(_arm_addsubdf3.o)
                0x080002b4                __aeabi_drsub
                0x080002bc                __aeabi_dsub
                0x080002bc                __subdf3
                0x080002c0                __aeabi_dadd
                0x080002c0                __adddf3
                0x08000538                __floatunsidf
                0x08000538                __aeabi_ui2d
                0x08000558                __floatsidf
                0x08000558                __aeabi_i2d
                0x0800057c                __aeabi_f2d
                0x0800057c                __extendsfdf2
                0x080005c0                __floatundidf
                0x080005c0                __aeabi_ul2d
                0x080005d0                __floatdidf
                0x080005d0                __aeabi_l2d
 .text          0x0800062c      0x424 C:/ST/STM32CubeIDE_1.17.0/STM32CubeIDE/plugins/com.st.stm32cube.ide.mcu.externaltools.gnu-tools-for-stm32.12.3.rel1.win32_1.1.0.202410251130/tools/bin/../lib/gcc/arm-none-eabi/12.3.1/thumb/v8-m.main+fp/hard\libgcc.a(_arm_muldivdf3.o)
                0x0800062c                __aeabi_dmul
                0x0800062c                __muldf3
                0x08000880                __divdf3
                0x08000880                __aeabi_ddiv
 .text          0x08000a50      0x110 C:/ST/STM32CubeIDE_1.17.0/STM32CubeIDE/plugins/com.st.stm32cube.ide.mcu.externaltools.gnu-tools-for-stm32.12.3.rel1.win32_1.1.0.202410251130/tools/bin/../lib/gcc/arm-none-eabi/12.3.1/thumb/v8-m.main+fp/hard\libgcc.a(_arm_cmpdf2.o)
                0x08000a50                __gtdf2
                0x08000a50                __gedf2
                0x08000a58                __ltdf2
                0x08000a58                __ledf2
                0x08000a60                __nedf2
                0x08000a60                __eqdf2
                0x08000a60                __cmpdf2
                0x08000adc                __aeabi_cdrcmple
                0x08000aec                __aeabi_cdcmpeq
                0x08000aec                __aeabi_cdcmple
                0x08000afc                __aeabi_dcmpeq
                0x08000b10                __aeabi_dcmplt
                0x08000b24                __aeabi_dcmple
                0x08000b38                __aeabi_dcmpge
                0x08000b4c                __aeabi_dcmpgt
 .text          0x08000b60       0x2c C:/ST/STM32CubeIDE_1.17.0/STM32CubeIDE/plugins/com.st.stm32cube.ide.mcu.externaltools.gnu-tools-for-stm32.12.3.rel1.win32_1.1.0.202410251130/tools/bin/../lib/gcc/arm-none-eabi/12.3.1/thumb/v8-m.main+fp/hard\libgcc.a(_arm_unorddf2.o)
                0x08000b60                __unorddf2
                0x08000b60                __aeabi_dcmpun
 .text          0x08000b8c       0x50 C:/ST/STM32CubeIDE_1.17.0/STM32CubeIDE/plugins/com.st.stm32cube.ide.mcu.externaltools.gnu-tools-for-stm32.12.3.rel1.win32_1.1.0.202410251130/tools/bin/../lib/gcc/arm-none-eabi/12.3.1/thumb/v8-m.main+fp/hard\libgcc.a(_arm_fixdfsi.o)
                0x08000b8c                __aeabi_d2iz
                0x08000b8c                __fixdfsi
 .text          0x08000bdc       0x40 C:/ST/STM32CubeIDE_1.17.0/STM32CubeIDE/plugins/com.st.stm32cube.ide.mcu.externaltools.gnu-tools-for-stm32.12.3.rel1.win32_1.1.0.202410251130/tools/bin/../lib/gcc/arm-none-eabi/12.3.1/thumb/v8-m.main+fp/hard\libgcc.a(_arm_fixunsdfsi.o)
                0x08000bdc                __aeabi_d2uiz
                0x08000bdc                __fixunsdfsi
 .text          0x08000c1c       0xa0 C:/ST/STM32CubeIDE_1.17.0/STM32CubeIDE/plugins/com.st.stm32cube.ide.mcu.externaltools.gnu-tools-for-stm32.12.3.rel1.win32_1.1.0.202410251130/tools/bin/../lib/gcc/arm-none-eabi/12.3.1/thumb/v8-m.main+fp/hard\libgcc.a(_arm_truncdfsf2.o)
                0x08000c1c                __truncdfsf2
                0x08000c1c                __aeabi_d2f
 .text          0x08000cbc       0x30 C:/ST/STM32CubeIDE_1.17.0/STM32CubeIDE/plugins/com.st.stm32cube.ide.mcu.externaltools.gnu-tools-for-stm32.12.3.rel1.win32_1.1.0.202410251130/tools/bin/../lib/gcc/arm-none-eabi/12.3.1/thumb/v8-m.main+fp/hard\libgcc.a(_aeabi_uldivmod.o)
                0x08000cbc                __aeabi_uldivmod
 .text          0x08000cec       0x30 C:/ST/STM32CubeIDE_1.17.0/STM32CubeIDE/plugins/com.st.stm32cube.ide.mcu.externaltools.gnu-tools-for-stm32.12.3.rel1.win32_1.1.0.202410251130/tools/bin/../lib/gcc/arm-none-eabi/12.3.1/thumb/v8-m.main+fp/hard\libgcc.a(_fixdfdi.o)
                0x08000cec                __fixdfdi
                0x08000cec                __aeabi_d2lz
 .text          0x08000d1c       0x3c C:/ST/STM32CubeIDE_1.17.0/STM32CubeIDE/plugins/com.st.stm32cube.ide.mcu.externaltools.gnu-tools-for-stm32.12.3.rel1.win32_1.1.0.202410251130/tools/bin/../lib/gcc/arm-none-eabi/12.3.1/thumb/v8-m.main+fp/hard\libgcc.a(_fixunsdfdi.o)
                0x08000d1c                __fixunsdfdi
                0x08000d1c                __aeabi_d2ulz
 .text          0x08000d58      0x2e4 C:/ST/STM32CubeIDE_1.17.0/STM32CubeIDE/plugins/com.st.stm32cube.ide.mcu.externaltools.gnu-tools-for-stm32.12.3.rel1.win32_1.1.0.202410251130/tools/bin/../lib/gcc/arm-none-eabi/12.3.1/thumb/v8-m.main+fp/hard\libgcc.a(_udivmoddi4.o)
                0x08000d58                __udivmoddi4
 .text          0x0800103c        0x4 C:/ST/STM32CubeIDE_1.17.0/STM32CubeIDE/plugins/com.st.stm32cube.ide.mcu.externaltools.gnu-tools-for-stm32.12.3.rel1.win32_1.1.0.202410251130/tools/bin/../lib/gcc/arm-none-eabi/12.3.1/thumb/v8-m.main+fp/hard\libgcc.a(_dvmd_tls.o)
                0x0800103c                __aeabi_idiv0
                0x0800103c                __aeabi_ldiv0
 *(.text*)
 .text.BMP280_Read8
                0x08001040       0x3c ./Core/Src/BMXX80.o
                0x08001040                BMP280_Read8
 .text.BMP280_Read16
                0x0800107c       0x44 ./Core/Src/BMXX80.o
                0x0800107c                BMP280_Read16
 .text.BMP280_Read16LE
                0x080010c0       0x32 ./Core/Src/BMXX80.o
                0x080010c0                BMP280_Read16LE
 *fill*         0x080010f2        0x2 
 .text.BMP280_Write8
                0x080010f4       0x38 ./Core/Src/BMXX80.o
                0x080010f4                BMP280_Write8
 .text.BMP280_Read24
                0x0800112c       0x44 ./Core/Src/BMXX80.o
                0x0800112c                BMP280_Read24
 .text.BMP280_Init
                0x08001170      0x17c ./Core/Src/BMXX80.o
                0x08001170                BMP280_Init
 .text.BMP280_ReadTemperature
                0x080012ec      0x118 ./Core/Src/BMXX80.o
                0x080012ec                BMP280_ReadTemperature
 .text.__is_constant_evaluated
                0x08001404       0x10 ./Core/Src/app_main.o
                0x08001404                __is_constant_evaluated
 .text._ZSt21is_constant_evaluatedv
                0x08001414       0x10 ./Core/Src/app_main.o
                0x08001414                std::is_constant_evaluated()
 .text._ZnwjPv  0x08001424       0x18 ./Core/Src/app_main.o
                0x08001424                operator new(unsigned int, void*)
 .text._ZNSt11char_traitsIcE6assignERcRKc
                0x0800143c       0x2e ./Core/Src/app_main.o
                0x0800143c                std::char_traits<char>::assign(char&, char const&)
 .text._ZNSt11char_traitsIcE6lengthEPKc
                0x0800146a       0x2e ./Core/Src/app_main.o
                0x0800146a                std::char_traits<char>::length(char const*)
 .text._ZNSt11char_traitsIcE4moveEPcPKcj
                0x08001498       0x44 ./Core/Src/app_main.o
                0x08001498                std::char_traits<char>::move(char*, char const*, unsigned int)
 .text._ZNSt11char_traitsIcE4copyEPcPKcj
                0x080014dc       0x4a ./Core/Src/app_main.o
                0x080014dc                std::char_traits<char>::copy(char*, char const*, unsigned int)
 .text._ZNSt11char_traitsIcE6assignEPcjc
                0x08001526       0x4a ./Core/Src/app_main.o
                0x08001526                std::char_traits<char>::assign(char*, unsigned int, char)
 .text._ZNSt7__cxx119to_stringEi
                0x08001570       0x72 ./Core/Src/app_main.o
                0x08001570                std::__cxx11::to_string(int)
 *fill*         0x080015e2        0x2 
 .text._ZNSt7__cxx119to_stringEf
                0x080015e4       0x3c ./Core/Src/app_main.o
                0x080015e4                std::__cxx11::to_string(float)
 .text._ZL5clampddd
                0x08001620       0x58 ./Core/Src/app_main.o
 .text._ZN3PIDC2Eddddddd
                0x08001678       0xf2 ./Core/Src/app_main.o
                0x08001678                PID::PID(double, double, double, double, double, double, double)
                0x08001678                PID::PID(double, double, double, double, double, double, double)
 *fill*         0x0800176a        0x2 
 .text._ZN3PID9calculateEdd
                0x0800176c      0x1f4 ./Core/Src/app_main.o
                0x0800176c                PID::calculate(double, double)
 .text._ZN9CsvLoggerC2EP20__UART_HandleTypeDef
                0x08001960       0x1e ./Core/Src/app_main.o
                0x08001960                CsvLogger::CsvLogger(__UART_HandleTypeDef*)
                0x08001960                CsvLogger::CsvLogger(__UART_HandleTypeDef*)
 *fill*         0x0800197e        0x2 
 .text._ZN9CsvLogger3logEmff
                0x08001980       0x64 ./Core/Src/app_main.o
                0x08001980                CsvLogger::log(unsigned long, float, float)
 .text.HAL_UART_RxCpltCallback
                0x080019e4      0x170 ./Core/Src/app_main.o
                0x080019e4                HAL_UART_RxCpltCallback
 .text._Z9filtrLastf
                0x08001b54       0xb8 ./Core/Src/app_main.o
                0x08001b54                filtrLast(float)
 .text._ZNSt7__cxx1112basic_stringIcSt11char_traitsIcESaIcEE12_Alloc_hiderD2Ev
                0x08001c0c       0x18 ./Core/Src/app_main.o
                0x08001c0c                std::__cxx11::basic_string<char, std::char_traits<char>, std::allocator<char> >::_Alloc_hider::~_Alloc_hider()
                0x08001c0c                std::__cxx11::basic_string<char, std::char_traits<char>, std::allocator<char> >::_Alloc_hider::~_Alloc_hider()
 .text._ZNSt7__cxx1112basic_stringIcSt11char_traitsIcESaIcEEC1IS3_EEPKcRKS3_
                0x08001c24       0x54 ./Core/Src/app_main.o
                0x08001c24                std::__cxx11::basic_string<char, std::char_traits<char>, std::allocator<char> >::basic_string<std::allocator<char> >(char const*, std::allocator<char> const&)
 .text._ZNSt7__cxx1112basic_stringIcSt11char_traitsIcESaIcEE13_M_local_dataEv
                0x08001c78       0x1c ./Core/Src/app_main.o
                0x08001c78                std::__cxx11::basic_string<char, std::char_traits<char>, std::allocator<char> >::_M_local_data()
 .text._ZNSt19__ptr_traits_ptr_toIPccLb0EE10pointer_toERc
                0x08001c94       0x18 ./Core/Src/app_main.o
                0x08001c94                std::__ptr_traits_ptr_to<char*, char, false>::pointer_to(char&)
 .text._ZSt9addressofIcEPT_RS0_
                0x08001cac       0x18 ./Core/Src/app_main.o
                0x08001cac                char* std::addressof<char>(char&)
 .text._ZSt11__addressofIcEPT_RS0_
                0x08001cc4       0x16 ./Core/Src/app_main.o
                0x08001cc4                char* std::__addressof<char>(char&)
 .text._ZNSt7__cxx1112basic_stringIcSt11char_traitsIcESaIcEE12_Alloc_hiderC1EPcRKS3_
                0x08001cda       0x24 ./Core/Src/app_main.o
                0x08001cda                std::__cxx11::basic_string<char, std::char_traits<char>, std::allocator<char> >::_Alloc_hider::_Alloc_hider(char*, std::allocator<char> const&)
 .text._ZNKSt7__cxx1112basic_stringIcSt11char_traitsIcESaIcEE4sizeEv
                0x08001cfe       0x18 ./Core/Src/app_main.o
                0x08001cfe                std::__cxx11::basic_string<char, std::char_traits<char>, std::allocator<char> >::size() const
 *fill*         0x08001d16        0x2 
 .text.app_main
                0x08001d18      0x514 ./Core/Src/app_main.o
                0x08001d18                app_main
 .text._ZSt12construct_atIcJRKcEEDTgsnwcvPvLi0E_T_pispcl7declvalIT0_EEEEPS3_DpOS4_
                0x0800222c       0x2c ./Core/Src/app_main.o
                0x0800222c                decltype (::new ((void*)(0)) char((declval<char const&>)())) std::construct_at<char, char const&>(char*, char const&)
 .text._ZN9__gnu_cxx11char_traitsIcE6lengthEPKc
                0x08002258       0x40 ./Core/Src/app_main.o
                0x08002258                __gnu_cxx::char_traits<char>::length(char const*)
 .text._ZN9__gnu_cxx11char_traitsIcE4moveEPcPKcj
                0x08002298       0x70 ./Core/Src/app_main.o
                0x08002298                __gnu_cxx::char_traits<char>::move(char*, char const*, unsigned int)
 .text._ZN9__gnu_cxx11char_traitsIcE4copyEPcPKcj
                0x08002308       0x64 ./Core/Src/app_main.o
                0x08002308                __gnu_cxx::char_traits<char>::copy(char*, char const*, unsigned int)
 .text._ZN9__gnu_cxx11char_traitsIcE6assignEPcjc
                0x0800236c       0x60 ./Core/Src/app_main.o
                0x0800236c                __gnu_cxx::char_traits<char>::assign(char*, unsigned int, char)
 .text._ZNKSt7__cxx1112basic_stringIcSt11char_traitsIcESaIcEE5c_strEv
                0x080023cc       0x18 ./Core/Src/app_main.o
                0x080023cc                std::__cxx11::basic_string<char, std::char_traits<char>, std::allocator<char> >::c_str() const
 .text._ZNSt8__detail14__to_chars_lenIjEEjT_i
                0x080023e4       0x7e ./Core/Src/app_main.o
                0x080023e4                unsigned int std::__detail::__to_chars_len<unsigned int>(unsigned int, int)
 .text._ZNSt7__cxx1112basic_stringIcSt11char_traitsIcESaIcEEC2IS3_EEjcRKS3_
                0x08002462       0x3a ./Core/Src/app_main.o
                0x08002462                std::__cxx11::basic_string<char, std::char_traits<char>, std::allocator<char> >::basic_string<std::allocator<char> >(unsigned int, char, std::allocator<char> const&)
                0x08002462                std::__cxx11::basic_string<char, std::char_traits<char>, std::allocator<char> >::basic_string<std::allocator<char> >(unsigned int, char, std::allocator<char> const&)
 .text._ZNSt7__cxx1112basic_stringIcSt11char_traitsIcESaIcEED2Ev
                0x0800249c       0x20 ./Core/Src/app_main.o
                0x0800249c                std::__cxx11::basic_string<char, std::char_traits<char>, std::allocator<char> >::~basic_string()
                0x0800249c                std::__cxx11::basic_string<char, std::char_traits<char>, std::allocator<char> >::~basic_string()
 .text._ZNSt7__cxx1112basic_stringIcSt11char_traitsIcESaIcEEixEj
                0x080024bc       0x3e ./Core/Src/app_main.o
                0x080024bc                std::__cxx11::basic_string<char, std::char_traits<char>, std::allocator<char> >::operator[](unsigned int)
 *fill*         0x080024fa        0x2 
 .text._ZNSt8__detail18__to_chars_10_implIjEEvPcjT_
                0x080024fc       0xac ./Core/Src/app_main.o
                0x080024fc                void std::__detail::__to_chars_10_impl<unsigned int>(char*, unsigned int, unsigned int)
 .text._ZNSt7__cxx1112basic_stringIcSt11char_traitsIcESaIcEEC2EOS4_
                0x080025a8       0xaa ./Core/Src/app_main.o
                0x080025a8                std::__cxx11::basic_string<char, std::char_traits<char>, std::allocator<char> >::basic_string(std::__cxx11::basic_string<char, std::char_traits<char>, std::allocator<char> >&&)
                0x080025a8                std::__cxx11::basic_string<char, std::char_traits<char>, std::allocator<char> >::basic_string(std::__cxx11::basic_string<char, std::char_traits<char>, std::allocator<char> >&&)
 .text._ZN9__gnu_cxx12__to_xstringINSt7__cxx1112basic_stringIcSt11char_traitsIcESaIcEEEcEET_PFiPT0_jPKS8_St9__va_listEjSB_z
                0x08002652       0x6e ./Core/Src/app_main.o
                0x08002652                std::__cxx11::basic_string<char, std::char_traits<char>, std::allocator<char> > __gnu_cxx::__to_xstring<std::__cxx11::basic_string<char, std::char_traits<char>, std::allocator<char> >, char>(int (*)(char*, unsigned int, char const*, std::__va_list), unsigned int, char const*, ...)
 .text._ZNKSt7__cxx1112basic_stringIcSt11char_traitsIcESaIcEE6lengthEv
                0x080026c0       0x18 ./Core/Src/app_main.o
                0x080026c0                std::__cxx11::basic_string<char, std::char_traits<char>, std::allocator<char> >::length() const
 .text._ZZNSt7__cxx1112basic_stringIcSt11char_traitsIcESaIcEE12_M_constructIPKcEEvT_S8_St20forward_iterator_tagEN6_GuardC2EPS4_
                0x080026d8       0x1e ./Core/Src/app_main.o
                0x080026d8                std::__cxx11::basic_string<char, std::char_traits<char>, std::allocator<char> >::_M_construct<char const*>(char const*, char const*, std::forward_iterator_tag)::_Guard::_Guard(std::__cxx11::basic_string<char, std::char_traits<char>, std::allocator<char> >*)
                0x080026d8                std::__cxx11::basic_string<char, std::char_traits<char>, std::allocator<char> >::_M_construct<char const*>(char const*, char const*, std::forward_iterator_tag)::_Guard::_Guard(std::__cxx11::basic_string<char, std::char_traits<char>, std::allocator<char> >*)
 .text._ZZNSt7__cxx1112basic_stringIcSt11char_traitsIcESaIcEE12_M_constructIPKcEEvT_S8_St20forward_iterator_tagEN6_GuardD2Ev
                0x080026f6       0x24 ./Core/Src/app_main.o
                0x080026f6                std::__cxx11::basic_string<char, std::char_traits<char>, std::allocator<char> >::_M_construct<char const*>(char const*, char const*, std::forward_iterator_tag)::_Guard::~_Guard()
                0x080026f6                std::__cxx11::basic_string<char, std::char_traits<char>, std::allocator<char> >::_M_construct<char const*>(char const*, char const*, std::forward_iterator_tag)::_Guard::~_Guard()
 .text._ZNSt7__cxx1112basic_stringIcSt11char_traitsIcESaIcEE12_M_constructIPKcEEvT_S8_St20forward_iterator_tag
                0x0800271a       0xb4 ./Core/Src/app_main.o
                0x0800271a                void std::__cxx11::basic_string<char, std::char_traits<char>, std::allocator<char> >::_M_construct<char const*>(char const*, char const*, std::forward_iterator_tag)
 .text._ZStplIcSt11char_traitsIcESaIcEENSt7__cxx1112basic_stringIT_T0_T1_EEPKS5_OS8_
                0x080027ce       0x30 ./Core/Src/app_main.o
                0x080027ce                std::__cxx11::basic_string<char, std::char_traits<char>, std::allocator<char> > std::operator+<char, std::char_traits<char>, std::allocator<char> >(char const*, std::__cxx11::basic_string<char, std::char_traits<char>, std::allocator<char> >&&)
 .text._ZStplIcSt11char_traitsIcESaIcEENSt7__cxx1112basic_stringIT_T0_T1_EEOS8_PKS5_
                0x080027fe       0x2e ./Core/Src/app_main.o
                0x080027fe                std::__cxx11::basic_string<char, std::char_traits<char>, std::allocator<char> > std::operator+<char, std::char_traits<char>, std::allocator<char> >(std::__cxx11::basic_string<char, std::char_traits<char>, std::allocator<char> >&&, char const*)
 .text._ZStplIcSt11char_traitsIcESaIcEENSt7__cxx1112basic_stringIT_T0_T1_EEOS8_S9_
                0x0800282c       0x94 ./Core/Src/app_main.o
                0x0800282c                std::__cxx11::basic_string<char, std::char_traits<char>, std::allocator<char> > std::operator+<char, std::char_traits<char>, std::allocator<char> >(std::__cxx11::basic_string<char, std::char_traits<char>, std::allocator<char> >&&, std::__cxx11::basic_string<char, std::char_traits<char>, std::allocator<char> >&&)
 .text._ZSt7forwardIRKcEOT_RNSt16remove_referenceIS2_E4typeE
                0x080028c0       0x16 ./Core/Src/app_main.o
                0x080028c0                char const& std::forward<char const&>(std::remove_reference<char const&>::type&)
 .text._ZN9__gnu_cxx11char_traitsIcE2eqERKcS3_
                0x080028d6       0x28 ./Core/Src/app_main.o
                0x080028d6                __gnu_cxx::char_traits<char>::eq(char const&, char const&)
 .text._ZSt12construct_atIcJRcEEDTgsnwcvPvLi0E_T_pispcl7declvalIT0_EEEEPS2_DpOS3_
                0x080028fe       0x2c ./Core/Src/app_main.o
                0x080028fe                decltype (::new ((void*)(0)) char((declval<char&>)())) std::construct_at<char, char&>(char*, char&)
 .text._ZNKSt7__cxx1112basic_stringIcSt11char_traitsIcESaIcEE7_M_dataEv
                0x0800292a       0x18 ./Core/Src/app_main.o
                0x0800292a                std::__cxx11::basic_string<char, std::char_traits<char>, std::allocator<char> >::_M_data() const
 .text._ZNSt7__cxx1112basic_stringIcSt11char_traitsIcESaIcEE12_M_constructEjc
                0x08002942       0x94 ./Core/Src/app_main.o
                0x08002942                std::__cxx11::basic_string<char, std::char_traits<char>, std::allocator<char> >::_M_construct(unsigned int, char)
 .text._ZNSt7__cxx1112basic_stringIcSt11char_traitsIcESaIcEE10_M_disposeEv
                0x080029d6       0x2e ./Core/Src/app_main.o
                0x080029d6                std::__cxx11::basic_string<char, std::char_traits<char>, std::allocator<char> >::_M_dispose()
 .text._ZNSt7__cxx1112basic_stringIcSt11char_traitsIcESaIcEE16_M_get_allocatorEv
                0x08002a04       0x16 ./Core/Src/app_main.o
                0x08002a04                std::__cxx11::basic_string<char, std::char_traits<char>, std::allocator<char> >::_M_get_allocator()
 .text._ZSt4moveIRSaIcEEONSt16remove_referenceIT_E4typeEOS3_
                0x08002a1a       0x16 ./Core/Src/app_main.o
                0x08002a1a                std::remove_reference<std::allocator<char>&>::type&& std::move<std::allocator<char>&>(std::allocator<char>&)
 .text._ZNSt7__cxx1112basic_stringIcSt11char_traitsIcESaIcEE12_Alloc_hiderC2EPcOS3_
                0x08002a30       0x2c ./Core/Src/app_main.o
                0x08002a30                std::__cxx11::basic_string<char, std::char_traits<char>, std::allocator<char> >::_Alloc_hider::_Alloc_hider(char*, std::allocator<char>&&)
                0x08002a30                std::__cxx11::basic_string<char, std::char_traits<char>, std::allocator<char> >::_Alloc_hider::_Alloc_hider(char*, std::allocator<char>&&)
 .text._ZNKSt7__cxx1112basic_stringIcSt11char_traitsIcESaIcEE11_M_is_localEv
                0x08002a5c       0x3a ./Core/Src/app_main.o
                0x08002a5c                std::__cxx11::basic_string<char, std::char_traits<char>, std::allocator<char> >::_M_is_local() const
 .text._ZNSt7__cxx1112basic_stringIcSt11char_traitsIcESaIcEE7_M_dataEPc
                0x08002a96       0x1c ./Core/Src/app_main.o
                0x08002a96                std::__cxx11::basic_string<char, std::char_traits<char>, std::allocator<char> >::_M_data(char*)
 .text._ZNSt7__cxx1112basic_stringIcSt11char_traitsIcESaIcEE11_M_capacityEj
                0x08002ab2       0x1c ./Core/Src/app_main.o
                0x08002ab2                std::__cxx11::basic_string<char, std::char_traits<char>, std::allocator<char> >::_M_capacity(unsigned int)
 .text._ZNSt7__cxx1112basic_stringIcSt11char_traitsIcESaIcEE9_M_lengthEj
                0x08002ace       0x1c ./Core/Src/app_main.o
                0x08002ace                std::__cxx11::basic_string<char, std::char_traits<char>, std::allocator<char> >::_M_length(unsigned int)
 .text._ZNSt7__cxx1112basic_stringIcSt11char_traitsIcESaIcEE13_M_set_lengthEj
                0x08002aea       0x36 ./Core/Src/app_main.o
                0x08002aea                std::__cxx11::basic_string<char, std::char_traits<char>, std::allocator<char> >::_M_set_length(unsigned int)
 .text._ZNSt7__cxx1112basic_stringIcSt11char_traitsIcESaIcEEC2IPcvEET_S7_RKS3_
                0x08002b20       0x4a ./Core/Src/app_main.o
                0x08002b20                std::__cxx11::basic_string<char, std::char_traits<char>, std::allocator<char> >::basic_string<char*, void>(char*, char*, std::allocator<char> const&)
                0x08002b20                std::__cxx11::basic_string<char, std::char_traits<char>, std::allocator<char> >::basic_string<char*, void>(char*, char*, std::allocator<char> const&)
 .text._ZSt8distanceIPKcENSt15iterator_traitsIT_E15difference_typeES3_S3_
                0x08002b6a       0x28 ./Core/Src/app_main.o
                0x08002b6a                std::iterator_traits<char const*>::difference_type std::distance<char const*>(char const*, char const*)
 *fill*         0x08002b92        0x2 
 .text._ZNSt7__cxx1112basic_stringIcSt11char_traitsIcESaIcEE9_M_createERjj
                0x08002b94       0x94 ./Core/Src/app_main.o
                0x08002b94                std::__cxx11::basic_string<char, std::char_traits<char>, std::allocator<char> >::_M_create(unsigned int&, unsigned int)
 .text._ZNSt7__cxx1112basic_stringIcSt11char_traitsIcESaIcEE13_S_copy_charsEPcPKcS7_
                0x08002c28       0x24 ./Core/Src/app_main.o
                0x08002c28                std::__cxx11::basic_string<char, std::char_traits<char>, std::allocator<char> >::_S_copy_chars(char*, char const*, char const*)
 .text._ZNSt7__cxx1112basic_stringIcSt11char_traitsIcESaIcEE6insertEjPKc
                0x08002c4c       0x2c ./Core/Src/app_main.o
                0x08002c4c                std::__cxx11::basic_string<char, std::char_traits<char>, std::allocator<char> >::insert(unsigned int, char const*)
 .text._ZSt4moveIRNSt7__cxx1112basic_stringIcSt11char_traitsIcESaIcEEEEONSt16remove_referenceIT_E4typeEOS8_
                0x08002c78       0x16 ./Core/Src/app_main.o
                0x08002c78                std::remove_reference<std::__cxx11::basic_string<char, std::char_traits<char>, std::allocator<char> >&>::type&& std::move<std::__cxx11::basic_string<char, std::char_traits<char>, std::allocator<char> >&>(std::__cxx11::basic_string<char, std::char_traits<char>, std::allocator<char> >&)
 *fill*         0x08002c8e        0x2 
 .text._ZNSt7__cxx1112basic_stringIcSt11char_traitsIcESaIcEE6appendEPKc
                0x08002c90       0x38 ./Core/Src/app_main.o
                0x08002c90                std::__cxx11::basic_string<char, std::char_traits<char>, std::allocator<char> >::append(char const*)
 .text._ZNKSt7__cxx1112basic_stringIcSt11char_traitsIcESaIcEE8capacityEv
                0x08002cc8       0x24 ./Core/Src/app_main.o
                0x08002cc8                std::__cxx11::basic_string<char, std::char_traits<char>, std::allocator<char> >::capacity() const
 .text._ZNSt7__cxx1112basic_stringIcSt11char_traitsIcESaIcEE6insertEjRKS4_
                0x08002cec       0x34 ./Core/Src/app_main.o
                0x08002cec                std::__cxx11::basic_string<char, std::char_traits<char>, std::allocator<char> >::insert(unsigned int, std::__cxx11::basic_string<char, std::char_traits<char>, std::allocator<char> > const&)
 .text._ZNSt7__cxx1112basic_stringIcSt11char_traitsIcESaIcEE6appendERKS4_
                0x08002d20       0x2e ./Core/Src/app_main.o
                0x08002d20                std::__cxx11::basic_string<char, std::char_traits<char>, std::allocator<char> >::append(std::__cxx11::basic_string<char, std::char_traits<char>, std::allocator<char> > const&)
 .text._ZSt7forwardIRcEOT_RNSt16remove_referenceIS1_E4typeE
                0x08002d4e       0x16 ./Core/Src/app_main.o
                0x08002d4e                char& std::forward<char&>(std::remove_reference<char&>::type&)
 .text._ZNSt7__cxx1112basic_stringIcSt11char_traitsIcESaIcEE9_S_assignEPcjc
                0x08002d64       0x34 ./Core/Src/app_main.o
                0x08002d64                std::__cxx11::basic_string<char, std::char_traits<char>, std::allocator<char> >::_S_assign(char*, unsigned int, char)
 .text._ZNSt7__cxx1112basic_stringIcSt11char_traitsIcESaIcEE10_M_destroyEj
                0x08002d98       0x2e ./Core/Src/app_main.o
                0x08002d98                std::__cxx11::basic_string<char, std::char_traits<char>, std::allocator<char> >::_M_destroy(unsigned int)
 .text._ZNKSt7__cxx1112basic_stringIcSt11char_traitsIcESaIcEE13_M_local_dataEv
                0x08002dc6       0x1c ./Core/Src/app_main.o
                0x08002dc6                std::__cxx11::basic_string<char, std::char_traits<char>, std::allocator<char> >::_M_local_data() const
 .text._ZSt19__iterator_categoryIPcENSt15iterator_traitsIT_E17iterator_categoryERKS2_
                0x08002de2       0x14 ./Core/Src/app_main.o
                0x08002de2                std::iterator_traits<char*>::iterator_category std::__iterator_category<char*>(char* const&)
 .text._ZZNSt7__cxx1112basic_stringIcSt11char_traitsIcESaIcEE12_M_constructIPcEEvT_S7_St20forward_iterator_tagEN6_GuardC2EPS4_
                0x08002df6       0x1e ./Core/Src/app_main.o
                0x08002df6                std::__cxx11::basic_string<char, std::char_traits<char>, std::allocator<char> >::_M_construct<char*>(char*, char*, std::forward_iterator_tag)::_Guard::_Guard(std::__cxx11::basic_string<char, std::char_traits<char>, std::allocator<char> >*)
                0x08002df6                std::__cxx11::basic_string<char, std::char_traits<char>, std::allocator<char> >::_M_construct<char*>(char*, char*, std::forward_iterator_tag)::_Guard::_Guard(std::__cxx11::basic_string<char, std::char_traits<char>, std::allocator<char> >*)
 .text._ZZNSt7__cxx1112basic_stringIcSt11char_traitsIcESaIcEE12_M_constructIPcEEvT_S7_St20forward_iterator_tagEN6_GuardD2Ev
                0x08002e14       0x24 ./Core/Src/app_main.o
                0x08002e14                std::__cxx11::basic_string<char, std::char_traits<char>, std::allocator<char> >::_M_construct<char*>(char*, char*, std::forward_iterator_tag)::_Guard::~_Guard()
                0x08002e14                std::__cxx11::basic_string<char, std::char_traits<char>, std::allocator<char> >::_M_construct<char*>(char*, char*, std::forward_iterator_tag)::_Guard::~_Guard()
 .text._ZNSt7__cxx1112basic_stringIcSt11char_traitsIcESaIcEE12_M_constructIPcEEvT_S7_St20forward_iterator_tag
                0x08002e38       0xb4 ./Core/Src/app_main.o
                0x08002e38                void std::__cxx11::basic_string<char, std::char_traits<char>, std::allocator<char> >::_M_construct<char*>(char*, char*, std::forward_iterator_tag)
 .text._ZSt19__iterator_categoryIPKcENSt15iterator_traitsIT_E17iterator_categoryERKS3_
                0x08002eec       0x14 ./Core/Src/app_main.o
                0x08002eec                std::iterator_traits<char const*>::iterator_category std::__iterator_category<char const*>(char const* const&)
 .text._ZSt10__distanceIPKcENSt15iterator_traitsIT_E15difference_typeES3_S3_St26random_access_iterator_tag
                0x08002f00       0x1e ./Core/Src/app_main.o
                0x08002f00                std::iterator_traits<char const*>::difference_type std::__distance<char const*>(char const*, char const*, std::random_access_iterator_tag)
 .text._ZNKSt7__cxx1112basic_stringIcSt11char_traitsIcESaIcEE8max_sizeEv
                0x08002f1e       0x24 ./Core/Src/app_main.o
                0x08002f1e                std::__cxx11::basic_string<char, std::char_traits<char>, std::allocator<char> >::max_size() const
 .text._ZNSt16allocator_traitsISaIcEE8allocateERS0_j
                0x08002f42       0x56 ./Core/Src/app_main.o
                0x08002f42                std::allocator_traits<std::allocator<char> >::allocate(std::allocator<char>&, unsigned int)
 .text._ZNSt7__cxx1112basic_stringIcSt11char_traitsIcESaIcEE7_S_copyEPcPKcj
                0x08002f98       0x2e ./Core/Src/app_main.o
                0x08002f98                std::__cxx11::basic_string<char, std::char_traits<char>, std::allocator<char> >::_S_copy(char*, char const*, unsigned int)
 *fill*         0x08002fc6        0x2 
 .text._ZNSt7__cxx1112basic_stringIcSt11char_traitsIcESaIcEE7replaceEjjPKcj
                0x08002fc8       0x44 ./Core/Src/app_main.o
                0x08002fc8                std::__cxx11::basic_string<char, std::char_traits<char>, std::allocator<char> >::replace(unsigned int, unsigned int, char const*, unsigned int)
 .text._ZNKSt7__cxx1112basic_stringIcSt11char_traitsIcESaIcEE15_M_check_lengthEjjPKc
                0x0800300c       0x42 ./Core/Src/app_main.o
                0x0800300c                std::__cxx11::basic_string<char, std::char_traits<char>, std::allocator<char> >::_M_check_length(unsigned int, unsigned int, char const*) const
 .text._ZNSt7__cxx1112basic_stringIcSt11char_traitsIcESaIcEE9_M_appendEPKcj
                0x0800304e       0x7e ./Core/Src/app_main.o
                0x0800304e                std::__cxx11::basic_string<char, std::char_traits<char>, std::allocator<char> >::_M_append(char const*, unsigned int)
 .text._ZNSt7__cxx1112basic_stringIcSt11char_traitsIcESaIcEE6appendEPKcj
                0x080030cc       0x30 ./Core/Src/app_main.o
                0x080030cc                std::__cxx11::basic_string<char, std::char_traits<char>, std::allocator<char> >::append(char const*, unsigned int)
 .text._ZNSt16allocator_traitsISaIcEE10deallocateERS0_Pcj
                0x080030fc       0x3e ./Core/Src/app_main.o
                0x080030fc                std::allocator_traits<std::allocator<char> >::deallocate(std::allocator<char>&, char*, unsigned int)
 .text._ZNSt19__ptr_traits_ptr_toIPKcS0_Lb0EE10pointer_toERS0_
                0x0800313a       0x18 ./Core/Src/app_main.o
                0x0800313a                std::__ptr_traits_ptr_to<char const*, char const, false>::pointer_to(char const&)
 .text._ZSt8distanceIPcENSt15iterator_traitsIT_E15difference_typeES2_S2_
                0x08003152       0x28 ./Core/Src/app_main.o
                0x08003152                std::iterator_traits<char*>::difference_type std::distance<char*>(char*, char*)
 .text._ZNSt7__cxx1112basic_stringIcSt11char_traitsIcESaIcEE13_S_copy_charsEPcS5_S5_
                0x0800317a       0x24 ./Core/Src/app_main.o
                0x0800317a                std::__cxx11::basic_string<char, std::char_traits<char>, std::allocator<char> >::_S_copy_chars(char*, char*, char*)
 .text._ZNKSt7__cxx1112basic_stringIcSt11char_traitsIcESaIcEE16_M_get_allocatorEv
                0x0800319e       0x16 ./Core/Src/app_main.o
                0x0800319e                std::__cxx11::basic_string<char, std::char_traits<char>, std::allocator<char> >::_M_get_allocator() const
 .text._ZNSt16allocator_traitsISaIcEE8max_sizeERKS0_
                0x080031b4       0x18 ./Core/Src/app_main.o
                0x080031b4                std::allocator_traits<std::allocator<char> >::max_size(std::allocator<char> const&)
 .text._ZNSt7__cxx1112basic_stringIcSt11char_traitsIcESaIcEE10_M_replaceEjjPKcj
                0x080031cc      0x228 ./Core/Src/app_main.o
                0x080031cc                std::__cxx11::basic_string<char, std::char_traits<char>, std::allocator<char> >::_M_replace(unsigned int, unsigned int, char const*, unsigned int)
 .text._ZNKSt7__cxx1112basic_stringIcSt11char_traitsIcESaIcEE8_M_checkEjPKc
                0x080033f4       0x44 ./Core/Src/app_main.o
                0x080033f4                std::__cxx11::basic_string<char, std::char_traits<char>, std::allocator<char> >::_M_check(unsigned int, char const*) const
 .text._ZNKSt7__cxx1112basic_stringIcSt11char_traitsIcESaIcEE8_M_limitEjj
                0x08003438       0x42 ./Core/Src/app_main.o
                0x08003438                std::__cxx11::basic_string<char, std::char_traits<char>, std::allocator<char> >::_M_limit(unsigned int, unsigned int) const
 .text._ZNSt7__cxx1112basic_stringIcSt11char_traitsIcESaIcEE9_M_mutateEjjPKcj
                0x0800347a       0xc6 ./Core/Src/app_main.o
                0x0800347a                std::__cxx11::basic_string<char, std::char_traits<char>, std::allocator<char> >::_M_mutate(unsigned int, unsigned int, char const*, unsigned int)
 .text._ZSt9addressofIKcEPT_RS1_
                0x08003540       0x18 ./Core/Src/app_main.o
                0x08003540                char const* std::addressof<char const>(char const&)
 .text._ZSt10__distanceIPcENSt15iterator_traitsIT_E15difference_typeES2_S2_St26random_access_iterator_tag
                0x08003558       0x1e ./Core/Src/app_main.o
                0x08003558                std::iterator_traits<char*>::difference_type std::__distance<char*>(char*, char*, std::random_access_iterator_tag)
 .text._ZNSt15__new_allocatorIcE8allocateEjPKv
                0x08003576       0x44 ./Core/Src/app_main.o
                0x08003576                std::__new_allocator<char>::allocate(unsigned int, void const*)
 .text._ZNKSt7__cxx1112basic_stringIcSt11char_traitsIcESaIcEE11_M_disjunctEPKc
                0x080035ba       0x56 ./Core/Src/app_main.o
                0x080035ba                std::__cxx11::basic_string<char, std::char_traits<char>, std::allocator<char> >::_M_disjunct(char const*) const
 .text._ZNSt7__cxx1112basic_stringIcSt11char_traitsIcESaIcEE7_S_moveEPcPKcj
                0x08003610       0x2e ./Core/Src/app_main.o
                0x08003610                std::__cxx11::basic_string<char, std::char_traits<char>, std::allocator<char> >::_S_move(char*, char const*, unsigned int)
 .text._ZNSt15__new_allocatorIcE10deallocateEPcj
                0x0800363e       0x1a ./Core/Src/app_main.o
                0x0800363e                std::__new_allocator<char>::deallocate(char*, unsigned int)
 .text._ZSt11__addressofIKcEPT_RS1_
                0x08003658       0x16 ./Core/Src/app_main.o
                0x08003658                char const* std::__addressof<char const>(char const&)
 .text._ZNKSt15__new_allocatorIcE11_M_max_sizeEv
                0x0800366e       0x18 ./Core/Src/app_main.o
                0x0800366e                std::__new_allocator<char>::_M_max_size() const
 .text._ZNKSt4lessIPKcEclES1_S1_
                0x08003686       0x3c ./Core/Src/app_main.o
                0x08003686                std::less<char const*>::operator()(char const*, char const*) const
 .text.main     0x080036c2       0x24 ./Core/Src/main.o
                0x080036c2                main
 *fill*         0x080036e6        0x2 
 .text.SystemClock_Config
                0x080036e8       0xe0 ./Core/Src/main.o
                0x080036e8                SystemClock_Config
 .text.MX_I2C1_Init
                0x080037c8       0x80 ./Core/Src/main.o
 .text.MX_TIM2_Init
                0x08003848       0xb4 ./Core/Src/main.o
 .text.MX_USART3_UART_Init
                0x080038fc       0x98 ./Core/Src/main.o
 .text.MX_GPIO_Init
                0x08003994      0x2c8 ./Core/Src/main.o
 .text.Error_Handler
                0x08003c5c        0xc ./Core/Src/main.o
                0x08003c5c                Error_Handler
 .text.HAL_MspInit
                0x08003c68        0xe ./Core/Src/stm32h5xx_hal_msp.o
                0x08003c68                HAL_MspInit
 *fill*         0x08003c76        0x2 
 .text.HAL_I2C_MspInit
                0x08003c78      0x11c ./Core/Src/stm32h5xx_hal_msp.o
                0x08003c78                HAL_I2C_MspInit
 .text.HAL_I2C_MspDeInit
                0x08003d94       0x4c ./Core/Src/stm32h5xx_hal_msp.o
                0x08003d94                HAL_I2C_MspDeInit
 .text.HAL_TIM_PWM_MspInit
                0x08003de0       0x40 ./Core/Src/stm32h5xx_hal_msp.o
                0x08003de0                HAL_TIM_PWM_MspInit
 .text.HAL_TIM_MspPostInit
                0x08003e20       0x70 ./Core/Src/stm32h5xx_hal_msp.o
                0x08003e20                HAL_TIM_MspPostInit
 .text.HAL_UART_MspInit
                0x08003e90      0x12c ./Core/Src/stm32h5xx_hal_msp.o
                0x08003e90                HAL_UART_MspInit
 .text.NMI_Handler
                0x08003fbc        0x8 ./Core/Src/stm32h5xx_it.o
                0x08003fbc                NMI_Handler
 .text.HardFault_Handler
                0x08003fc4        0x8 ./Core/Src/stm32h5xx_it.o
                0x08003fc4                HardFault_Handler
 .text.MemManage_Handler
                0x08003fcc        0x8 ./Core/Src/stm32h5xx_it.o
                0x08003fcc                MemManage_Handler
 .text.BusFault_Handler
                0x08003fd4        0x8 ./Core/Src/stm32h5xx_it.o
                0x08003fd4                BusFault_Handler
 .text.UsageFault_Handler
                0x08003fdc        0x8 ./Core/Src/stm32h5xx_it.o
                0x08003fdc                UsageFault_Handler
 .text.SVC_Handler
                0x08003fe4        0xe ./Core/Src/stm32h5xx_it.o
                0x08003fe4                SVC_Handler
 .text.DebugMon_Handler
                0x08003ff2        0xe ./Core/Src/stm32h5xx_it.o
                0x08003ff2                DebugMon_Handler
 .text.PendSV_Handler
                0x08004000        0xe ./Core/Src/stm32h5xx_it.o
                0x08004000                PendSV_Handler
 .text.SysTick_Handler
                0x0800400e        0xc ./Core/Src/stm32h5xx_it.o
                0x0800400e                SysTick_Handler
 *fill*         0x0800401a        0x2 
 .text.USART3_IRQHandler
                0x0800401c       0x14 ./Core/Src/stm32h5xx_it.o
                0x0800401c                USART3_IRQHandler
 .text._getpid  0x08004030       0x10 ./Core/Src/syscalls.o
                0x08004030                _getpid
 .text._kill    0x08004040       0x20 ./Core/Src/syscalls.o
                0x08004040                _kill
 .text._exit    0x08004060       0x16 ./Core/Src/syscalls.o
                0x08004060                _exit
 .text._read    0x08004076       0x3a ./Core/Src/syscalls.o
                0x08004076                _read
 .text._write   0x080040b0       0x38 ./Core/Src/syscalls.o
                0x080040b0                _write
 .text._close   0x080040e8       0x18 ./Core/Src/syscalls.o
                0x080040e8                _close
 .text._fstat   0x08004100       0x20 ./Core/Src/syscalls.o
                0x08004100                _fstat
 .text._isatty  0x08004120       0x16 ./Core/Src/syscalls.o
                0x08004120                _isatty
 .text._lseek   0x08004136       0x1a ./Core/Src/syscalls.o
                0x08004136                _lseek
 .text._sbrk    0x08004150       0x6c ./Core/Src/sysmem.o
                0x08004150                _sbrk
 .text.SystemInit
                0x080041bc       0xf8 ./Core/Src/system_stm32h5xx.o
                0x080041bc                SystemInit
 .text.Reset_Handler
                0x080042b4       0x50 ./Core/Startup/startup_stm32h563zitx.o
                0x080042b4                Reset_Handler
 .text.Default_Handler
                0x08004304        0x2 ./Core/Startup/startup_stm32h563zitx.o
                0x08004304                EXTI2_IRQHandler
                0x08004304                TIM8_TRG_COM_IRQHandler
                0x08004304                TIM8_CC_IRQHandler
                0x08004304                EXTI5_IRQHandler
                0x08004304                I3C1_ER_IRQHandler
                0x08004304                UART8_IRQHandler
                0x08004304                SPI4_IRQHandler
                0x08004304                GPDMA2_Channel1_IRQHandler
                0x08004304                FLASH_S_IRQHandler
                0x08004304                EXTI13_IRQHandler
                0x08004304                TIM1_CC_IRQHandler
                0x08004304                GPDMA2_Channel3_IRQHandler
                0x08004304                TAMP_IRQHandler
                0x08004304                TIM6_IRQHandler
                0x08004304                EXTI12_IRQHandler
                0x08004304                CORDIC_IRQHandler
                0x08004304                USB_DRD_FS_IRQHandler
                0x08004304                EXTI3_IRQHandler
                0x08004304                LPTIM4_IRQHandler
                0x08004304                GPDMA1_Channel5_IRQHandler
                0x08004304                EXTI8_IRQHandler
                0x08004304                GPDMA2_Channel5_IRQHandler
                0x08004304                LPTIM2_IRQHandler
                0x08004304                I2C3_ER_IRQHandler
                0x08004304                GPDMA2_Channel2_IRQHandler
                0x08004304                USART10_IRQHandler
                0x08004304                LPTIM3_IRQHandler
                0x08004304                EXTI0_IRQHandler
                0x08004304                I2C2_EV_IRQHandler
                0x08004304                FPU_IRQHandler
                0x08004304                GPDMA1_Channel3_IRQHandler
                0x08004304                GPDMA1_Channel7_IRQHandler
                0x08004304                FDCAN1_IT1_IRQHandler
                0x08004304                RAMCFG_IRQHandler
                0x08004304                DCACHE1_IRQHandler
                0x08004304                SPI1_IRQHandler
                0x08004304                OCTOSPI1_IRQHandler
                0x08004304                GPDMA1_Channel2_IRQHandler
                0x08004304                TIM8_UP_IRQHandler
                0x08004304                RCC_S_IRQHandler
                0x08004304                SAI2_IRQHandler
                0x08004304                ADC1_IRQHandler
                0x08004304                USART6_IRQHandler
                0x08004304                EXTI15_IRQHandler
                0x08004304                TIM17_IRQHandler
                0x08004304                RTC_IRQHandler
                0x08004304                EXTI9_IRQHandler
                0x08004304                LPTIM5_IRQHandler
                0x08004304                UART5_IRQHandler
                0x08004304                TIM4_IRQHandler
                0x08004304                I2C1_EV_IRQHandler
                0x08004304                GPDMA1_Channel1_IRQHandler
                0x08004304                TIM16_IRQHandler
                0x08004304                UART4_IRQHandler
                0x08004304                SecureFault_Handler
                0x08004304                TIM3_IRQHandler
                0x08004304                RCC_IRQHandler
                0x08004304                UART9_IRQHandler
                0x08004304                TIM1_TRG_COM_IRQHandler
                0x08004304                Default_Handler
                0x08004304                FMAC_IRQHandler
                0x08004304                CEC_IRQHandler
                0x08004304                USART11_IRQHandler
                0x08004304                TIM14_IRQHandler
                0x08004304                TIM13_IRQHandler
                0x08004304                GPDMA2_Channel4_IRQHandler
                0x08004304                SPI5_IRQHandler
                0x08004304                TIM12_IRQHandler
                0x08004304                TIM7_IRQHandler
                0x08004304                SDMMC1_IRQHandler
                0x08004304                TIM5_IRQHandler
                0x08004304                UCPD1_IRQHandler
                0x08004304                GPDMA1_Channel0_IRQHandler
                0x08004304                I3C1_EV_IRQHandler
                0x08004304                TIM15_IRQHandler
                0x08004304                PVD_AVD_IRQHandler
                0x08004304                I2C3_EV_IRQHandler
                0x08004304                ETH_WKUP_IRQHandler
                0x08004304                ADC2_IRQHandler
                0x08004304                SPI2_IRQHandler
                0x08004304                EXTI14_IRQHandler
                0x08004304                EXTI11_IRQHandler
                0x08004304                CRS_IRQHandler
                0x08004304                EXTI4_IRQHandler
                0x08004304                GPDMA2_Channel0_IRQHandler
                0x08004304                RTC_S_IRQHandler
                0x08004304                RNG_IRQHandler
                0x08004304                FDCAN2_IT1_IRQHandler
                0x08004304                ETH_IRQHandler
                0x08004304                GPDMA2_Channel6_IRQHandler
                0x08004304                TIM1_UP_IRQHandler
                0x08004304                UART12_IRQHandler
                0x08004304                WWDG_IRQHandler
                0x08004304                SPI6_IRQHandler
                0x08004304                I2C4_EV_IRQHandler
                0x08004304                FDCAN2_IT0_IRQHandler
                0x08004304                IWDG_IRQHandler
                0x08004304                LPUART1_IRQHandler
                0x08004304                FDCAN1_IT0_IRQHandler
                0x08004304                TIM2_IRQHandler
                0x08004304                GPDMA1_Channel4_IRQHandler
                0x08004304                EXTI7_IRQHandler
                0x08004304                TIM1_BRK_IRQHandler
                0x08004304                EXTI1_IRQHandler
                0x08004304                SDMMC2_IRQHandler
                0x08004304                LPTIM6_IRQHandler
                0x08004304                DAC1_IRQHandler
                0x08004304                DTS_IRQHandler
                0x08004304                UART7_IRQHandler
                0x08004304                GTZC_IRQHandler
                0x08004304                USART2_IRQHandler
                0x08004304                GPDMA1_Channel6_IRQHandler
                0x08004304                GPDMA2_Channel7_IRQHandler
                0x08004304                I2C2_ER_IRQHandler
                0x08004304                TIM8_BRK_IRQHandler
                0x08004304                FLASH_IRQHandler
                0x08004304                USART1_IRQHandler
                0x08004304                EXTI10_IRQHandler
                0x08004304                SPI3_IRQHandler
                0x08004304                I2C1_ER_IRQHandler
                0x08004304                FMC_IRQHandler
                0x08004304                EXTI6_IRQHandler
                0x08004304                LPTIM1_IRQHandler
                0x08004304                DCMI_PSSI_IRQHandler
                0x08004304                I2C4_ER_IRQHandler
                0x08004304                ICACHE_IRQHandler
                0x08004304                SAI1_IRQHandler
                0x08004304                HASH_IRQHandler
 *fill*         0x08004306        0x2 
 .text.HAL_Init
                0x08004308       0x50 ./Drivers/STM32H5xx_HAL_Driver/Src/stm32h5xx_hal.o
                0x08004308                HAL_Init
 .text.HAL_InitTick
                0x08004358       0xec ./Drivers/STM32H5xx_HAL_Driver/Src/stm32h5xx_hal.o
                0x08004358                HAL_InitTick
 .text.HAL_IncTick
                0x08004444       0x28 ./Drivers/STM32H5xx_HAL_Driver/Src/stm32h5xx_hal.o
                0x08004444                HAL_IncTick
 .text.HAL_GetTick
                0x0800446c       0x18 ./Drivers/STM32H5xx_HAL_Driver/Src/stm32h5xx_hal.o
                0x0800446c                HAL_GetTick
 .text.HAL_Delay
                0x08004484       0x48 ./Drivers/STM32H5xx_HAL_Driver/Src/stm32h5xx_hal.o
                0x08004484                HAL_Delay
 .text.__NVIC_SetPriorityGrouping
                0x080044cc       0x48 ./Drivers/STM32H5xx_HAL_Driver/Src/stm32h5xx_hal_cortex.o
 .text.__NVIC_GetPriorityGrouping
                0x08004514       0x1c ./Drivers/STM32H5xx_HAL_Driver/Src/stm32h5xx_hal_cortex.o
 .text.__NVIC_EnableIRQ
                0x08004530       0x3c ./Drivers/STM32H5xx_HAL_Driver/Src/stm32h5xx_hal_cortex.o
 .text.__NVIC_SetPriority
                0x0800456c       0x54 ./Drivers/STM32H5xx_HAL_Driver/Src/stm32h5xx_hal_cortex.o
 .text.NVIC_EncodePriority
                0x080045c0       0x66 ./Drivers/STM32H5xx_HAL_Driver/Src/stm32h5xx_hal_cortex.o
 .text.HAL_NVIC_SetPriorityGrouping
                0x08004626       0x16 ./Drivers/STM32H5xx_HAL_Driver/Src/stm32h5xx_hal_cortex.o
                0x08004626                HAL_NVIC_SetPriorityGrouping
 .text.HAL_NVIC_SetPriority
                0x0800463c       0x34 ./Drivers/STM32H5xx_HAL_Driver/Src/stm32h5xx_hal_cortex.o
                0x0800463c                HAL_NVIC_SetPriority
 .text.HAL_NVIC_EnableIRQ
                0x08004670       0x1c ./Drivers/STM32H5xx_HAL_Driver/Src/stm32h5xx_hal_cortex.o
                0x08004670                HAL_NVIC_EnableIRQ
 .text.HAL_SYSTICK_Config
                0x0800468c       0x44 ./Drivers/STM32H5xx_HAL_Driver/Src/stm32h5xx_hal_cortex.o
                0x0800468c                HAL_SYSTICK_Config
 .text.HAL_SYSTICK_CLKSourceConfig
                0x080046d0       0xb0 ./Drivers/STM32H5xx_HAL_Driver/Src/stm32h5xx_hal_cortex.o
                0x080046d0                HAL_SYSTICK_CLKSourceConfig
 .text.HAL_SYSTICK_GetCLKSourceConfig
                0x08004780       0x6c ./Drivers/STM32H5xx_HAL_Driver/Src/stm32h5xx_hal_cortex.o
                0x08004780                HAL_SYSTICK_GetCLKSourceConfig
 .text.HAL_DMA_Abort
                0x080047ec       0xf8 ./Drivers/STM32H5xx_HAL_Driver/Src/stm32h5xx_hal_dma.o
                0x080047ec                HAL_DMA_Abort
 .text.HAL_DMA_Abort_IT
                0x080048e4       0x52 ./Drivers/STM32H5xx_HAL_Driver/Src/stm32h5xx_hal_dma.o
                0x080048e4                HAL_DMA_Abort_IT
 *fill*         0x08004936        0x2 
 .text.HAL_GPIO_Init
                0x08004938      0x2a4 ./Drivers/STM32H5xx_HAL_Driver/Src/stm32h5xx_hal_gpio.o
                0x08004938                HAL_GPIO_Init
 .text.HAL_GPIO_DeInit
                0x08004bdc      0x178 ./Drivers/STM32H5xx_HAL_Driver/Src/stm32h5xx_hal_gpio.o
                0x08004bdc                HAL_GPIO_DeInit
 .text.HAL_GPIO_WritePin
                0x08004d54       0x30 ./Drivers/STM32H5xx_HAL_Driver/Src/stm32h5xx_hal_gpio.o
                0x08004d54                HAL_GPIO_WritePin
 .text.HAL_I2C_Init
                0x08004d84      0x136 ./Drivers/STM32H5xx_HAL_Driver/Src/stm32h5xx_hal_i2c.o
                0x08004d84                HAL_I2C_Init
 .text.HAL_I2C_DeInit
                0x08004eba       0x5e ./Drivers/STM32H5xx_HAL_Driver/Src/stm32h5xx_hal_i2c.o
                0x08004eba                HAL_I2C_DeInit
 .text.HAL_I2C_Mem_Write
                0x08004f18      0x228 ./Drivers/STM32H5xx_HAL_Driver/Src/stm32h5xx_hal_i2c.o
                0x08004f18                HAL_I2C_Mem_Write
 .text.HAL_I2C_Mem_Read
                0x08005140      0x234 ./Drivers/STM32H5xx_HAL_Driver/Src/stm32h5xx_hal_i2c.o
                0x08005140                HAL_I2C_Mem_Read
 .text.I2C_RequestMemoryWrite
                0x08005374       0xa8 ./Drivers/STM32H5xx_HAL_Driver/Src/stm32h5xx_hal_i2c.o
 .text.I2C_RequestMemoryRead
                0x0800541c       0xa8 ./Drivers/STM32H5xx_HAL_Driver/Src/stm32h5xx_hal_i2c.o
 .text.I2C_Flush_TXDR
                0x080054c4       0x48 ./Drivers/STM32H5xx_HAL_Driver/Src/stm32h5xx_hal_i2c.o
 .text.I2C_WaitOnFlagUntilTimeout
                0x0800550c       0xb2 ./Drivers/STM32H5xx_HAL_Driver/Src/stm32h5xx_hal_i2c.o
 .text.I2C_WaitOnTXISFlagUntilTimeout
                0x080055be       0x8e ./Drivers/STM32H5xx_HAL_Driver/Src/stm32h5xx_hal_i2c.o
 .text.I2C_WaitOnSTOPFlagUntilTimeout
                0x0800564c       0x86 ./Drivers/STM32H5xx_HAL_Driver/Src/stm32h5xx_hal_i2c.o
 *fill*         0x080056d2        0x2 
 .text.I2C_IsErrorOccurred
                0x080056d4      0x1c0 ./Drivers/STM32H5xx_HAL_Driver/Src/stm32h5xx_hal_i2c.o
 .text.I2C_TransferConfig
                0x08005894       0x64 ./Drivers/STM32H5xx_HAL_Driver/Src/stm32h5xx_hal_i2c.o
 .text.HAL_I2CEx_ConfigAnalogFilter
                0x080058f8       0x96 ./Drivers/STM32H5xx_HAL_Driver/Src/stm32h5xx_hal_i2c_ex.o
                0x080058f8                HAL_I2CEx_ConfigAnalogFilter
 .text.HAL_I2CEx_ConfigDigitalFilter
                0x0800598e       0x98 ./Drivers/STM32H5xx_HAL_Driver/Src/stm32h5xx_hal_i2c_ex.o
                0x0800598e                HAL_I2CEx_ConfigDigitalFilter
 *fill*         0x08005a26        0x2 
 .text.HAL_RCC_OscConfig
                0x08005a28      0x870 ./Drivers/STM32H5xx_HAL_Driver/Src/stm32h5xx_hal_rcc.o
                0x08005a28                HAL_RCC_OscConfig
 .text.HAL_RCC_ClockConfig
                0x08006298      0x370 ./Drivers/STM32H5xx_HAL_Driver/Src/stm32h5xx_hal_rcc.o
                0x08006298                HAL_RCC_ClockConfig
 .text.HAL_RCC_GetSysClockFreq
                0x08006608      0x258 ./Drivers/STM32H5xx_HAL_Driver/Src/stm32h5xx_hal_rcc.o
                0x08006608                HAL_RCC_GetSysClockFreq
 .text.HAL_RCC_GetHCLKFreq
                0x08006860       0x38 ./Drivers/STM32H5xx_HAL_Driver/Src/stm32h5xx_hal_rcc.o
                0x08006860                HAL_RCC_GetHCLKFreq
 .text.HAL_RCC_GetPCLK1Freq
                0x08006898       0x2c ./Drivers/STM32H5xx_HAL_Driver/Src/stm32h5xx_hal_rcc.o
                0x08006898                HAL_RCC_GetPCLK1Freq
 .text.HAL_RCC_GetPCLK2Freq
                0x080068c4       0x2c ./Drivers/STM32H5xx_HAL_Driver/Src/stm32h5xx_hal_rcc.o
                0x080068c4                HAL_RCC_GetPCLK2Freq
 .text.HAL_RCC_GetPCLK3Freq
                0x080068f0       0x2c ./Drivers/STM32H5xx_HAL_Driver/Src/stm32h5xx_hal_rcc.o
                0x080068f0                HAL_RCC_GetPCLK3Freq
 .text.HAL_RCCEx_PeriphCLKConfig
                0x0800691c     0x1f14 ./Drivers/STM32H5xx_HAL_Driver/Src/stm32h5xx_hal_rcc_ex.o
                0x0800691c                HAL_RCCEx_PeriphCLKConfig
 .text.HAL_RCCEx_GetPLL1ClockFreq
                0x08008830      0x2d8 ./Drivers/STM32H5xx_HAL_Driver/Src/stm32h5xx_hal_rcc_ex.o
                0x08008830                HAL_RCCEx_GetPLL1ClockFreq
 .text.HAL_RCCEx_GetPLL2ClockFreq
                0x08008b08      0x2d8 ./Drivers/STM32H5xx_HAL_Driver/Src/stm32h5xx_hal_rcc_ex.o
                0x08008b08                HAL_RCCEx_GetPLL2ClockFreq
 .text.HAL_RCCEx_GetPLL3ClockFreq
                0x08008de0      0x2d8 ./Drivers/STM32H5xx_HAL_Driver/Src/stm32h5xx_hal_rcc_ex.o
                0x08008de0                HAL_RCCEx_GetPLL3ClockFreq
 .text.HAL_RCCEx_GetPeriphCLKFreq
                0x080090b8     0x26b4 ./Drivers/STM32H5xx_HAL_Driver/Src/stm32h5xx_hal_rcc_ex.o
                0x080090b8                HAL_RCCEx_GetPeriphCLKFreq
 .text.RCCEx_PLL2_Config
                0x0800b76c      0x130 ./Drivers/STM32H5xx_HAL_Driver/Src/stm32h5xx_hal_rcc_ex.o
 .text.RCCEx_PLL3_Config
                0x0800b89c      0x130 ./Drivers/STM32H5xx_HAL_Driver/Src/stm32h5xx_hal_rcc_ex.o
 .text.HAL_TIM_PWM_Init
                0x0800b9cc       0xae ./Drivers/STM32H5xx_HAL_Driver/Src/stm32h5xx_hal_tim.o
                0x0800b9cc                HAL_TIM_PWM_Init
 *fill*         0x0800ba7a        0x2 
 .text.HAL_TIM_PWM_Start
                0x0800ba7c      0x2c0 ./Drivers/STM32H5xx_HAL_Driver/Src/stm32h5xx_hal_tim.o
                0x0800ba7c                HAL_TIM_PWM_Start
 .text.HAL_TIM_PWM_ConfigChannel
                0x0800bd3c      0x228 ./Drivers/STM32H5xx_HAL_Driver/Src/stm32h5xx_hal_tim.o
                0x0800bd3c                HAL_TIM_PWM_ConfigChannel
 .text.TIM_Base_SetConfig
                0x0800bf64      0x254 ./Drivers/STM32H5xx_HAL_Driver/Src/stm32h5xx_hal_tim.o
                0x0800bf64                TIM_Base_SetConfig
 .text.TIM_OC1_SetConfig
                0x0800c1b8      0x184 ./Drivers/STM32H5xx_HAL_Driver/Src/stm32h5xx_hal_tim.o
 .text.TIM_OC2_SetConfig
                0x0800c33c      0x160 ./Drivers/STM32H5xx_HAL_Driver/Src/stm32h5xx_hal_tim.o
                0x0800c33c                TIM_OC2_SetConfig
 .text.TIM_OC3_SetConfig
                0x0800c49c      0x15c ./Drivers/STM32H5xx_HAL_Driver/Src/stm32h5xx_hal_tim.o
 .text.TIM_OC4_SetConfig
                0x0800c5f8      0x160 ./Drivers/STM32H5xx_HAL_Driver/Src/stm32h5xx_hal_tim.o
 .text.TIM_OC5_SetConfig
                0x0800c758      0x104 ./Drivers/STM32H5xx_HAL_Driver/Src/stm32h5xx_hal_tim.o
 .text.TIM_OC6_SetConfig
                0x0800c85c      0x108 ./Drivers/STM32H5xx_HAL_Driver/Src/stm32h5xx_hal_tim.o
 .text.TIM_CCxChannelCmd
                0x0800c964       0x4a ./Drivers/STM32H5xx_HAL_Driver/Src/stm32h5xx_hal_tim.o
                0x0800c964                TIM_CCxChannelCmd
 *fill*         0x0800c9ae        0x2 
 .text.HAL_TIMEx_MasterConfigSynchronization
                0x0800c9b0      0x1a0 ./Drivers/STM32H5xx_HAL_Driver/Src/stm32h5xx_hal_tim_ex.o
                0x0800c9b0                HAL_TIMEx_MasterConfigSynchronization
 .text.HAL_UART_Init
                0x0800cb50       0xa0 ./Drivers/STM32H5xx_HAL_Driver/Src/stm32h5xx_hal_uart.o
                0x0800cb50                HAL_UART_Init
 .text.HAL_UART_Transmit
                0x0800cbf0      0x13c ./Drivers/STM32H5xx_HAL_Driver/Src/stm32h5xx_hal_uart.o
                0x0800cbf0                HAL_UART_Transmit
 .text.HAL_UART_Receive_IT
                0x0800cd2c       0xc4 ./Drivers/STM32H5xx_HAL_Driver/Src/stm32h5xx_hal_uart.o
                0x0800cd2c                HAL_UART_Receive_IT
 .text.HAL_UART_IRQHandler
                0x0800cdf0      0x5dc ./Drivers/STM32H5xx_HAL_Driver/Src/stm32h5xx_hal_uart.o
                0x0800cdf0                HAL_UART_IRQHandler
 .text.HAL_UART_TxCpltCallback
                0x0800d3cc       0x14 ./Drivers/STM32H5xx_HAL_Driver/Src/stm32h5xx_hal_uart.o
                0x0800d3cc                HAL_UART_TxCpltCallback
 .text.HAL_UART_ErrorCallback
                0x0800d3e0       0x14 ./Drivers/STM32H5xx_HAL_Driver/Src/stm32h5xx_hal_uart.o
                0x0800d3e0                HAL_UART_ErrorCallback
 .text.HAL_UARTEx_RxEventCallback
                0x0800d3f4       0x18 ./Drivers/STM32H5xx_HAL_Driver/Src/stm32h5xx_hal_uart.o
                0x0800d3f4                HAL_UARTEx_RxEventCallback
 .text.UART_SetConfig
                0x0800d40c      0x3dc ./Drivers/STM32H5xx_HAL_Driver/Src/stm32h5xx_hal_uart.o
                0x0800d40c                UART_SetConfig
 .text.UART_AdvFeatureConfig
                0x0800d7e8      0x144 ./Drivers/STM32H5xx_HAL_Driver/Src/stm32h5xx_hal_uart.o
                0x0800d7e8                UART_AdvFeatureConfig
 .text.UART_CheckIdleState
                0x0800d92c      0x154 ./Drivers/STM32H5xx_HAL_Driver/Src/stm32h5xx_hal_uart.o
                0x0800d92c                UART_CheckIdleState
 .text.UART_WaitOnFlagUntilTimeout
                0x0800da80       0xda ./Drivers/STM32H5xx_HAL_Driver/Src/stm32h5xx_hal_uart.o
                0x0800da80                UART_WaitOnFlagUntilTimeout
 *fill*         0x0800db5a        0x2 
 .text.UART_Start_Receive_IT
                0x0800db5c      0x244 ./Drivers/STM32H5xx_HAL_Driver/Src/stm32h5xx_hal_uart.o
                0x0800db5c                UART_Start_Receive_IT
 .text.UART_EndRxTransfer
                0x0800dda0       0xcc ./Drivers/STM32H5xx_HAL_Driver/Src/stm32h5xx_hal_uart.o
 .text.UART_DMAAbortOnError
                0x0800de6c       0x24 ./Drivers/STM32H5xx_HAL_Driver/Src/stm32h5xx_hal_uart.o
 .text.UART_EndTransmit_IT
                0x0800de90       0x56 ./Drivers/STM32H5xx_HAL_Driver/Src/stm32h5xx_hal_uart.o
 *fill*         0x0800dee6        0x2 
 .text.UART_RxISR_8BIT
                0x0800dee8      0x1c4 ./Drivers/STM32H5xx_HAL_Driver/Src/stm32h5xx_hal_uart.o
 .text.UART_RxISR_16BIT
                0x0800e0ac      0x1c4 ./Drivers/STM32H5xx_HAL_Driver/Src/stm32h5xx_hal_uart.o
 .text.UART_RxISR_8BIT_FIFOEN
                0x0800e270      0x370 ./Drivers/STM32H5xx_HAL_Driver/Src/stm32h5xx_hal_uart.o
 .text.UART_RxISR_16BIT_FIFOEN
                0x0800e5e0      0x378 ./Drivers/STM32H5xx_HAL_Driver/Src/stm32h5xx_hal_uart.o
 .text.HAL_UARTEx_WakeupCallback
                0x0800e958       0x14 ./Drivers/STM32H5xx_HAL_Driver/Src/stm32h5xx_hal_uart_ex.o
                0x0800e958                HAL_UARTEx_WakeupCallback
 .text.HAL_UARTEx_RxFifoFullCallback
                0x0800e96c       0x14 ./Drivers/STM32H5xx_HAL_Driver/Src/stm32h5xx_hal_uart_ex.o
                0x0800e96c                HAL_UARTEx_RxFifoFullCallback
 .text.HAL_UARTEx_TxFifoEmptyCallback
                0x0800e980       0x14 ./Drivers/STM32H5xx_HAL_Driver/Src/stm32h5xx_hal_uart_ex.o
                0x0800e980                HAL_UARTEx_TxFifoEmptyCallback
 .text.HAL_UARTEx_DisableFifoMode
                0x0800e994       0x72 ./Drivers/STM32H5xx_HAL_Driver/Src/stm32h5xx_hal_uart_ex.o
                0x0800e994                HAL_UARTEx_DisableFifoMode
 .text.HAL_UARTEx_SetTxFifoThreshold
                0x0800ea06       0x7c ./Drivers/STM32H5xx_HAL_Driver/Src/stm32h5xx_hal_uart_ex.o
                0x0800ea06                HAL_UARTEx_SetTxFifoThreshold
 .text.HAL_UARTEx_SetRxFifoThreshold
                0x0800ea82       0x7c ./Drivers/STM32H5xx_HAL_Driver/Src/stm32h5xx_hal_uart_ex.o
                0x0800ea82                HAL_UARTEx_SetRxFifoThreshold
 *fill*         0x0800eafe        0x2 
 .text.UARTEx_SetNbDataToProcess
                0x0800eb00       0x9c ./Drivers/STM32H5xx_HAL_Driver/Src/stm32h5xx_hal_uart_ex.o
 .text._ZdlPv   0x0800eb9c        0x4 C:/ST/STM32CubeIDE_1.17.0/STM32CubeIDE/plugins/com.st.stm32cube.ide.mcu.externaltools.gnu-tools-for-stm32.12.3.rel1.win32_1.1.0.202410251130/tools/bin/../lib/gcc/arm-none-eabi/12.3.1/../../../../arm-none-eabi/lib/thumb/v8-m.main+fp/hard\libstdc++_nano.a(del_op.o)
                0x0800eb9c                operator delete(void*)
 .text._ZdlPvj  0x0800eba0        0x4 C:/ST/STM32CubeIDE_1.17.0/STM32CubeIDE/plugins/com.st.stm32cube.ide.mcu.externaltools.gnu-tools-for-stm32.12.3.rel1.win32_1.1.0.202410251130/tools/bin/../lib/gcc/arm-none-eabi/12.3.1/../../../../arm-none-eabi/lib/thumb/v8-m.main+fp/hard\libstdc++_nano.a(del_ops.o)
                0x0800eba0                operator delete(void*, unsigned int)
 .text._ZdaPv   0x0800eba4        0x4 C:/ST/STM32CubeIDE_1.17.0/STM32CubeIDE/plugins/com.st.stm32cube.ide.mcu.externaltools.gnu-tools-for-stm32.12.3.rel1.win32_1.1.0.202410251130/tools/bin/../lib/gcc/arm-none-eabi/12.3.1/../../../../arm-none-eabi/lib/thumb/v8-m.main+fp/hard\libstdc++_nano.a(del_opv.o)
                0x0800eba4                operator delete[](void*)
 .text.__cxa_guard_acquire
                0x0800eba8       0x18 C:/ST/STM32CubeIDE_1.17.0/STM32CubeIDE/plugins/com.st.stm32cube.ide.mcu.externaltools.gnu-tools-for-stm32.12.3.rel1.win32_1.1.0.202410251130/tools/bin/../lib/gcc/arm-none-eabi/12.3.1/../../../../arm-none-eabi/lib/thumb/v8-m.main+fp/hard\libstdc++_nano.a(guard.o)
                0x0800eba8                __cxa_guard_acquire
 .text.__cxa_guard_release
                0x0800ebc0        0x6 C:/ST/STM32CubeIDE_1.17.0/STM32CubeIDE/plugins/com.st.stm32cube.ide.mcu.externaltools.gnu-tools-for-stm32.12.3.rel1.win32_1.1.0.202410251130/tools/bin/../lib/gcc/arm-none-eabi/12.3.1/../../../../arm-none-eabi/lib/thumb/v8-m.main+fp/hard\libstdc++_nano.a(guard.o)
                0x0800ebc0                __cxa_guard_release
 .text._Znwj    0x0800ebc6       0x22 C:/ST/STM32CubeIDE_1.17.0/STM32CubeIDE/plugins/com.st.stm32cube.ide.mcu.externaltools.gnu-tools-for-stm32.12.3.rel1.win32_1.1.0.202410251130/tools/bin/../lib/gcc/arm-none-eabi/12.3.1/../../../../arm-none-eabi/lib/thumb/v8-m.main+fp/hard\libstdc++_nano.a(new_op.o)
                0x0800ebc6                operator new(unsigned int)
 .text._Znaj    0x0800ebe8        0x4 C:/ST/STM32CubeIDE_1.17.0/STM32CubeIDE/plugins/com.st.stm32cube.ide.mcu.externaltools.gnu-tools-for-stm32.12.3.rel1.win32_1.1.0.202410251130/tools/bin/../lib/gcc/arm-none-eabi/12.3.1/../../../../arm-none-eabi/lib/thumb/v8-m.main+fp/hard\libstdc++_nano.a(new_opv.o)
                0x0800ebe8                operator new[](unsigned int)
 .text._ZNSaIcEC2Ev
                0x0800ebec        0x2 C:/ST/STM32CubeIDE_1.17.0/STM32CubeIDE/plugins/com.st.stm32cube.ide.mcu.externaltools.gnu-tools-for-stm32.12.3.rel1.win32_1.1.0.202410251130/tools/bin/../lib/gcc/arm-none-eabi/12.3.1/../../../../arm-none-eabi/lib/thumb/v8-m.main+fp/hard\libstdc++_nano.a(allocator-inst.o)
                0x0800ebec                std::allocator<char>::allocator()
                0x0800ebec                std::allocator<char>::allocator()
 .text._ZNSaIcEC2ERKS_
                0x0800ebee        0x2 C:/ST/STM32CubeIDE_1.17.0/STM32CubeIDE/plugins/com.st.stm32cube.ide.mcu.externaltools.gnu-tools-for-stm32.12.3.rel1.win32_1.1.0.202410251130/tools/bin/../lib/gcc/arm-none-eabi/12.3.1/../../../../arm-none-eabi/lib/thumb/v8-m.main+fp/hard\libstdc++_nano.a(allocator-inst.o)
                0x0800ebee                std::allocator<char>::allocator(std::allocator<char> const&)
                0x0800ebee                std::allocator<char>::allocator(std::allocator<char> const&)
 .text._ZNSaIcED2Ev
                0x0800ebf0        0x2 C:/ST/STM32CubeIDE_1.17.0/STM32CubeIDE/plugins/com.st.stm32cube.ide.mcu.externaltools.gnu-tools-for-stm32.12.3.rel1.win32_1.1.0.202410251130/tools/bin/../lib/gcc/arm-none-eabi/12.3.1/../../../../arm-none-eabi/lib/thumb/v8-m.main+fp/hard\libstdc++_nano.a(allocator-inst.o)
                0x0800ebf0                std::allocator<char>::~allocator()
                0x0800ebf0                std::allocator<char>::~allocator()
 .text.unlikely._ZSt17__throw_bad_allocv
                0x0800ebf2        0x6 C:/ST/STM32CubeIDE_1.17.0/STM32CubeIDE/plugins/com.st.stm32cube.ide.mcu.externaltools.gnu-tools-for-stm32.12.3.rel1.win32_1.1.0.202410251130/tools/bin/../lib/gcc/arm-none-eabi/12.3.1/../../../../arm-none-eabi/lib/thumb/v8-m.main+fp/hard\libstdc++_nano.a(functexcept.o)
                0x0800ebf2                std::__throw_bad_alloc()
 .text.unlikely._ZSt28__throw_bad_array_new_lengthv
                0x0800ebf8        0x6 C:/ST/STM32CubeIDE_1.17.0/STM32CubeIDE/plugins/com.st.stm32cube.ide.mcu.externaltools.gnu-tools-for-stm32.12.3.rel1.win32_1.1.0.202410251130/tools/bin/../lib/gcc/arm-none-eabi/12.3.1/../../../../arm-none-eabi/lib/thumb/v8-m.main+fp/hard\libstdc++_nano.a(functexcept.o)
                0x0800ebf8                std::__throw_bad_array_new_length()
 .text.unlikely._ZSt19__throw_logic_errorPKc
                0x0800ebfe        0x6 C:/ST/STM32CubeIDE_1.17.0/STM32CubeIDE/plugins/com.st.stm32cube.ide.mcu.externaltools.gnu-tools-for-stm32.12.3.rel1.win32_1.1.0.202410251130/tools/bin/../lib/gcc/arm-none-eabi/12.3.1/../../../../arm-none-eabi/lib/thumb/v8-m.main+fp/hard\libstdc++_nano.a(functexcept.o)
                0x0800ebfe                std::__throw_logic_error(char const*)
 .text.unlikely._ZSt20__throw_length_errorPKc
                0x0800ec04        0x6 C:/ST/STM32CubeIDE_1.17.0/STM32CubeIDE/plugins/com.st.stm32cube.ide.mcu.externaltools.gnu-tools-for-stm32.12.3.rel1.win32_1.1.0.202410251130/tools/bin/../lib/gcc/arm-none-eabi/12.3.1/../../../../arm-none-eabi/lib/thumb/v8-m.main+fp/hard\libstdc++_nano.a(functexcept.o)
                0x0800ec04                std::__throw_length_error(char const*)
 .text.unlikely._ZSt24__throw_out_of_range_fmtPKcz
                0x0800ec0a        0x8 C:/ST/STM32CubeIDE_1.17.0/STM32CubeIDE/plugins/com.st.stm32cube.ide.mcu.externaltools.gnu-tools-for-stm32.12.3.rel1.win32_1.1.0.202410251130/tools/bin/../lib/gcc/arm-none-eabi/12.3.1/../../../../arm-none-eabi/lib/thumb/v8-m.main+fp/hard\libstdc++_nano.a(functexcept.o)
                0x0800ec0a                std::__throw_out_of_range_fmt(char const*, ...)
 *fill*         0x0800ec12        0x2 
 .text._ZSt15get_new_handlerv
                0x0800ec14        0xc C:/ST/STM32CubeIDE_1.17.0/STM32CubeIDE/plugins/com.st.stm32cube.ide.mcu.externaltools.gnu-tools-for-stm32.12.3.rel1.win32_1.1.0.202410251130/tools/bin/../lib/gcc/arm-none-eabi/12.3.1/../../../../arm-none-eabi/lib/thumb/v8-m.main+fp/hard\libstdc++_nano.a(new_handler.o)
                0x0800ec14                std::get_new_handler()
 .text.abort    0x0800ec20        0xe C:/ST/STM32CubeIDE_1.17.0/STM32CubeIDE/plugins/com.st.stm32cube.ide.mcu.externaltools.gnu-tools-for-stm32.12.3.rel1.win32_1.1.0.202410251130/tools/bin/../lib/gcc/arm-none-eabi/12.3.1/../../../../arm-none-eabi/lib/thumb/v8-m.main+fp/hard\libc_nano.a(libc_a-abort.o)
                0x0800ec20                abort
 *fill*         0x0800ec2e        0x2 
 .text.malloc   0x0800ec30       0x10 C:/ST/STM32CubeIDE_1.17.0/STM32CubeIDE/plugins/com.st.stm32cube.ide.mcu.externaltools.gnu-tools-for-stm32.12.3.rel1.win32_1.1.0.202410251130/tools/bin/../lib/gcc/arm-none-eabi/12.3.1/../../../../arm-none-eabi/lib/thumb/v8-m.main+fp/hard\libc_nano.a(libc_a-malloc.o)
                0x0800ec30                malloc
 .text.free     0x0800ec40       0x10 C:/ST/STM32CubeIDE_1.17.0/STM32CubeIDE/plugins/com.st.stm32cube.ide.mcu.externaltools.gnu-tools-for-stm32.12.3.rel1.win32_1.1.0.202410251130/tools/bin/../lib/gcc/arm-none-eabi/12.3.1/../../../../arm-none-eabi/lib/thumb/v8-m.main+fp/hard\libc_nano.a(libc_a-malloc.o)
                0x0800ec40                free
 .text.sbrk_aligned
                0x0800ec50       0x44 C:/ST/STM32CubeIDE_1.17.0/STM32CubeIDE/plugins/com.st.stm32cube.ide.mcu.externaltools.gnu-tools-for-stm32.12.3.rel1.win32_1.1.0.202410251130/tools/bin/../lib/gcc/arm-none-eabi/12.3.1/../../../../arm-none-eabi/lib/thumb/v8-m.main+fp/hard\libc_nano.a(libc_a-mallocr.o)
 .text._malloc_r
                0x0800ec94      0x100 C:/ST/STM32CubeIDE_1.17.0/STM32CubeIDE/plugins/com.st.stm32cube.ide.mcu.externaltools.gnu-tools-for-stm32.12.3.rel1.win32_1.1.0.202410251130/tools/bin/../lib/gcc/arm-none-eabi/12.3.1/../../../../arm-none-eabi/lib/thumb/v8-m.main+fp/hard\libc_nano.a(libc_a-mallocr.o)
                0x0800ec94                _malloc_r
 .text.__malloc_lock
                0x0800ed94        0xc C:/ST/STM32CubeIDE_1.17.0/STM32CubeIDE/plugins/com.st.stm32cube.ide.mcu.externaltools.gnu-tools-for-stm32.12.3.rel1.win32_1.1.0.202410251130/tools/bin/../lib/gcc/arm-none-eabi/12.3.1/../../../../arm-none-eabi/lib/thumb/v8-m.main+fp/hard\libc_nano.a(libc_a-mlock.o)
                0x0800ed94                __malloc_lock
 .text.__malloc_unlock
                0x0800eda0        0xc C:/ST/STM32CubeIDE_1.17.0/STM32CubeIDE/plugins/com.st.stm32cube.ide.mcu.externaltools.gnu-tools-for-stm32.12.3.rel1.win32_1.1.0.202410251130/tools/bin/../lib/gcc/arm-none-eabi/12.3.1/../../../../arm-none-eabi/lib/thumb/v8-m.main+fp/hard\libc_nano.a(libc_a-mlock.o)
                0x0800eda0                __malloc_unlock
 .text.__cvt    0x0800edac       0xca C:/ST/STM32CubeIDE_1.17.0/STM32CubeIDE/plugins/com.st.stm32cube.ide.mcu.externaltools.gnu-tools-for-stm32.12.3.rel1.win32_1.1.0.202410251130/tools/bin/../lib/gcc/arm-none-eabi/12.3.1/../../../../arm-none-eabi/lib/thumb/v8-m.main+fp/hard\libc_nano.a(libc_a-nano-vfprintf_float.o)
                0x0800edac                __cvt
 .text.__exponent
                0x0800ee76       0x72 C:/ST/STM32CubeIDE_1.17.0/STM32CubeIDE/plugins/com.st.stm32cube.ide.mcu.externaltools.gnu-tools-for-stm32.12.3.rel1.win32_1.1.0.202410251130/tools/bin/../lib/gcc/arm-none-eabi/12.3.1/../../../../arm-none-eabi/lib/thumb/v8-m.main+fp/hard\libc_nano.a(libc_a-nano-vfprintf_float.o)
                0x0800ee76                __exponent
 .text._printf_float
                0x0800eee8      0x454 C:/ST/STM32CubeIDE_1.17.0/STM32CubeIDE/plugins/com.st.stm32cube.ide.mcu.externaltools.gnu-tools-for-stm32.12.3.rel1.win32_1.1.0.202410251130/tools/bin/../lib/gcc/arm-none-eabi/12.3.1/../../../../arm-none-eabi/lib/thumb/v8-m.main+fp/hard\libc_nano.a(libc_a-nano-vfprintf_float.o)
                0x0800eee8                _printf_float
 .text._printf_common
                0x0800f33c       0xe4 C:/ST/STM32CubeIDE_1.17.0/STM32CubeIDE/plugins/com.st.stm32cube.ide.mcu.externaltools.gnu-tools-for-stm32.12.3.rel1.win32_1.1.0.202410251130/tools/bin/../lib/gcc/arm-none-eabi/12.3.1/../../../../arm-none-eabi/lib/thumb/v8-m.main+fp/hard\libc_nano.a(libc_a-nano-vfprintf_i.o)
                0x0800f33c                _printf_common
 .text._printf_i
                0x0800f420      0x240 C:/ST/STM32CubeIDE_1.17.0/STM32CubeIDE/plugins/com.st.stm32cube.ide.mcu.externaltools.gnu-tools-for-stm32.12.3.rel1.win32_1.1.0.202410251130/tools/bin/../lib/gcc/arm-none-eabi/12.3.1/../../../../arm-none-eabi/lib/thumb/v8-m.main+fp/hard\libc_nano.a(libc_a-nano-vfprintf_i.o)
                0x0800f420                _printf_i
 .text._scanf_float
                0x0800f660      0x424 C:/ST/STM32CubeIDE_1.17.0/STM32CubeIDE/plugins/com.st.stm32cube.ide.mcu.externaltools.gnu-tools-for-stm32.12.3.rel1.win32_1.1.0.202410251130/tools/bin/../lib/gcc/arm-none-eabi/12.3.1/../../../../arm-none-eabi/lib/thumb/v8-m.main+fp/hard\libc_nano.a(libc_a-nano-vfscanf_float.o)
                0x0800f660                _scanf_float
 .text.std      0x0800fa84       0x6c C:/ST/STM32CubeIDE_1.17.0/STM32CubeIDE/plugins/com.st.stm32cube.ide.mcu.externaltools.gnu-tools-for-stm32.12.3.rel1.win32_1.1.0.202410251130/tools/bin/../lib/gcc/arm-none-eabi/12.3.1/../../../../arm-none-eabi/lib/thumb/v8-m.main+fp/hard\libc_nano.a(libc_a-findfp.o)
 .text.stdio_exit_handler
                0x0800faf0       0x18 C:/ST/STM32CubeIDE_1.17.0/STM32CubeIDE/plugins/com.st.stm32cube.ide.mcu.externaltools.gnu-tools-for-stm32.12.3.rel1.win32_1.1.0.202410251130/tools/bin/../lib/gcc/arm-none-eabi/12.3.1/../../../../arm-none-eabi/lib/thumb/v8-m.main+fp/hard\libc_nano.a(libc_a-findfp.o)
 .text.cleanup_stdio
                0x0800fb08       0x40 C:/ST/STM32CubeIDE_1.17.0/STM32CubeIDE/plugins/com.st.stm32cube.ide.mcu.externaltools.gnu-tools-for-stm32.12.3.rel1.win32_1.1.0.202410251130/tools/bin/../lib/gcc/arm-none-eabi/12.3.1/../../../../arm-none-eabi/lib/thumb/v8-m.main+fp/hard\libc_nano.a(libc_a-findfp.o)
 .text.global_stdio_init.part.0
                0x0800fb48       0x3c C:/ST/STM32CubeIDE_1.17.0/STM32CubeIDE/plugins/com.st.stm32cube.ide.mcu.externaltools.gnu-tools-for-stm32.12.3.rel1.win32_1.1.0.202410251130/tools/bin/../lib/gcc/arm-none-eabi/12.3.1/../../../../arm-none-eabi/lib/thumb/v8-m.main+fp/hard\libc_nano.a(libc_a-findfp.o)
 .text.__sfp_lock_acquire
                0x0800fb84        0xc C:/ST/STM32CubeIDE_1.17.0/STM32CubeIDE/plugins/com.st.stm32cube.ide.mcu.externaltools.gnu-tools-for-stm32.12.3.rel1.win32_1.1.0.202410251130/tools/bin/../lib/gcc/arm-none-eabi/12.3.1/../../../../arm-none-eabi/lib/thumb/v8-m.main+fp/hard\libc_nano.a(libc_a-findfp.o)
                0x0800fb84                __sfp_lock_acquire
 .text.__sfp_lock_release
                0x0800fb90        0xc C:/ST/STM32CubeIDE_1.17.0/STM32CubeIDE/plugins/com.st.stm32cube.ide.mcu.externaltools.gnu-tools-for-stm32.12.3.rel1.win32_1.1.0.202410251130/tools/bin/../lib/gcc/arm-none-eabi/12.3.1/../../../../arm-none-eabi/lib/thumb/v8-m.main+fp/hard\libc_nano.a(libc_a-findfp.o)
                0x0800fb90                __sfp_lock_release
 .text.__sinit  0x0800fb9c       0x30 C:/ST/STM32CubeIDE_1.17.0/STM32CubeIDE/plugins/com.st.stm32cube.ide.mcu.externaltools.gnu-tools-for-stm32.12.3.rel1.win32_1.1.0.202410251130/tools/bin/../lib/gcc/arm-none-eabi/12.3.1/../../../../arm-none-eabi/lib/thumb/v8-m.main+fp/hard\libc_nano.a(libc_a-findfp.o)
                0x0800fb9c                __sinit
 .text._fwalk_sglue
                0x0800fbcc       0x3c C:/ST/STM32CubeIDE_1.17.0/STM32CubeIDE/plugins/com.st.stm32cube.ide.mcu.externaltools.gnu-tools-for-stm32.12.3.rel1.win32_1.1.0.202410251130/tools/bin/../lib/gcc/arm-none-eabi/12.3.1/../../../../arm-none-eabi/lib/thumb/v8-m.main+fp/hard\libc_nano.a(libc_a-fwalk.o)
                0x0800fbcc                _fwalk_sglue
 .text.snprintf
                0x0800fc08       0x68 C:/ST/STM32CubeIDE_1.17.0/STM32CubeIDE/plugins/com.st.stm32cube.ide.mcu.externaltools.gnu-tools-for-stm32.12.3.rel1.win32_1.1.0.202410251130/tools/bin/../lib/gcc/arm-none-eabi/12.3.1/../../../../arm-none-eabi/lib/thumb/v8-m.main+fp/hard\libc_nano.a(libc_a-snprintf.o)
                0x0800fc08                sniprintf
                0x0800fc08                snprintf
 .text.sprintf  0x0800fc70       0x40 C:/ST/STM32CubeIDE_1.17.0/STM32CubeIDE/plugins/com.st.stm32cube.ide.mcu.externaltools.gnu-tools-for-stm32.12.3.rel1.win32_1.1.0.202410251130/tools/bin/../lib/gcc/arm-none-eabi/12.3.1/../../../../arm-none-eabi/lib/thumb/v8-m.main+fp/hard\libc_nano.a(libc_a-sprintf.o)
                0x0800fc70                siprintf
                0x0800fc70                sprintf
 .text.sscanf   0x0800fcb0       0x54 C:/ST/STM32CubeIDE_1.17.0/STM32CubeIDE/plugins/com.st.stm32cube.ide.mcu.externaltools.gnu-tools-for-stm32.12.3.rel1.win32_1.1.0.202410251130/tools/bin/../lib/gcc/arm-none-eabi/12.3.1/../../../../arm-none-eabi/lib/thumb/v8-m.main+fp/hard\libc_nano.a(libc_a-sscanf.o)
                0x0800fcb0                siscanf
                0x0800fcb0                sscanf
 .text.__sread  0x0800fd04       0x22 C:/ST/STM32CubeIDE_1.17.0/STM32CubeIDE/plugins/com.st.stm32cube.ide.mcu.externaltools.gnu-tools-for-stm32.12.3.rel1.win32_1.1.0.202410251130/tools/bin/../lib/gcc/arm-none-eabi/12.3.1/../../../../arm-none-eabi/lib/thumb/v8-m.main+fp/hard\libc_nano.a(libc_a-stdio.o)
                0x0800fd04                __sread
 .text.__seofread
                0x0800fd26        0x4 C:/ST/STM32CubeIDE_1.17.0/STM32CubeIDE/plugins/com.st.stm32cube.ide.mcu.externaltools.gnu-tools-for-stm32.12.3.rel1.win32_1.1.0.202410251130/tools/bin/../lib/gcc/arm-none-eabi/12.3.1/../../../../arm-none-eabi/lib/thumb/v8-m.main+fp/hard\libc_nano.a(libc_a-stdio.o)
                0x0800fd26                __seofread
 .text.__swrite
                0x0800fd2a       0x38 C:/ST/STM32CubeIDE_1.17.0/STM32CubeIDE/plugins/com.st.stm32cube.ide.mcu.externaltools.gnu-tools-for-stm32.12.3.rel1.win32_1.1.0.202410251130/tools/bin/../lib/gcc/arm-none-eabi/12.3.1/../../../../arm-none-eabi/lib/thumb/v8-m.main+fp/hard\libc_nano.a(libc_a-stdio.o)
                0x0800fd2a                __swrite
 .text.__sseek  0x0800fd62       0x24 C:/ST/STM32CubeIDE_1.17.0/STM32CubeIDE/plugins/com.st.stm32cube.ide.mcu.externaltools.gnu-tools-for-stm32.12.3.rel1.win32_1.1.0.202410251130/tools/bin/../lib/gcc/arm-none-eabi/12.3.1/../../../../arm-none-eabi/lib/thumb/v8-m.main+fp/hard\libc_nano.a(libc_a-stdio.o)
                0x0800fd62                __sseek
 .text.__sclose
                0x0800fd86        0x8 C:/ST/STM32CubeIDE_1.17.0/STM32CubeIDE/plugins/com.st.stm32cube.ide.mcu.externaltools.gnu-tools-for-stm32.12.3.rel1.win32_1.1.0.202410251130/tools/bin/../lib/gcc/arm-none-eabi/12.3.1/../../../../arm-none-eabi/lib/thumb/v8-m.main+fp/hard\libc_nano.a(libc_a-stdio.o)
                0x0800fd86                __sclose
 .text._vsnprintf_r
                0x0800fd8e       0x56 C:/ST/STM32CubeIDE_1.17.0/STM32CubeIDE/plugins/com.st.stm32cube.ide.mcu.externaltools.gnu-tools-for-stm32.12.3.rel1.win32_1.1.0.202410251130/tools/bin/../lib/gcc/arm-none-eabi/12.3.1/../../../../arm-none-eabi/lib/thumb/v8-m.main+fp/hard\libc_nano.a(libc_a-vsnprintf.o)
                0x0800fd8e                _vsniprintf_r
                0x0800fd8e                _vsnprintf_r
 .text.vsnprintf
                0x0800fde4       0x1c C:/ST/STM32CubeIDE_1.17.0/STM32CubeIDE/plugins/com.st.stm32cube.ide.mcu.externaltools.gnu-tools-for-stm32.12.3.rel1.win32_1.1.0.202410251130/tools/bin/../lib/gcc/arm-none-eabi/12.3.1/../../../../arm-none-eabi/lib/thumb/v8-m.main+fp/hard\libc_nano.a(libc_a-vsnprintf.o)
                0x0800fde4                vsniprintf
                0x0800fde4                vsnprintf
 .text.memmove  0x0800fe00       0x34 C:/ST/STM32CubeIDE_1.17.0/STM32CubeIDE/plugins/com.st.stm32cube.ide.mcu.externaltools.gnu-tools-for-stm32.12.3.rel1.win32_1.1.0.202410251130/tools/bin/../lib/gcc/arm-none-eabi/12.3.1/../../../../arm-none-eabi/lib/thumb/v8-m.main+fp/hard\libc_nano.a(libc_a-memmove.o)
                0x0800fe00                memmove
 .text.memset   0x0800fe34       0x10 C:/ST/STM32CubeIDE_1.17.0/STM32CubeIDE/plugins/com.st.stm32cube.ide.mcu.externaltools.gnu-tools-for-stm32.12.3.rel1.win32_1.1.0.202410251130/tools/bin/../lib/gcc/arm-none-eabi/12.3.1/../../../../arm-none-eabi/lib/thumb/v8-m.main+fp/hard\libc_nano.a(libc_a-memset.o)
                0x0800fe34                memset
 .text._raise_r
                0x0800fe44       0x50 C:/ST/STM32CubeIDE_1.17.0/STM32CubeIDE/plugins/com.st.stm32cube.ide.mcu.externaltools.gnu-tools-for-stm32.12.3.rel1.win32_1.1.0.202410251130/tools/bin/../lib/gcc/arm-none-eabi/12.3.1/../../../../arm-none-eabi/lib/thumb/v8-m.main+fp/hard\libc_nano.a(libc_a-signal.o)
                0x0800fe44                _raise_r
 .text.raise    0x0800fe94       0x10 C:/ST/STM32CubeIDE_1.17.0/STM32CubeIDE/plugins/com.st.stm32cube.ide.mcu.externaltools.gnu-tools-for-stm32.12.3.rel1.win32_1.1.0.202410251130/tools/bin/../lib/gcc/arm-none-eabi/12.3.1/../../../../arm-none-eabi/lib/thumb/v8-m.main+fp/hard\libc_nano.a(libc_a-signal.o)
                0x0800fe94                raise
 .text._localeconv_r
                0x0800fea4        0x8 C:/ST/STM32CubeIDE_1.17.0/STM32CubeIDE/plugins/com.st.stm32cube.ide.mcu.externaltools.gnu-tools-for-stm32.12.3.rel1.win32_1.1.0.202410251130/tools/bin/../lib/gcc/arm-none-eabi/12.3.1/../../../../arm-none-eabi/lib/thumb/v8-m.main+fp/hard\libc_nano.a(libc_a-localeconv.o)
                0x0800fea4                _localeconv_r
 .text._close_r
                0x0800feac       0x20 C:/ST/STM32CubeIDE_1.17.0/STM32CubeIDE/plugins/com.st.stm32cube.ide.mcu.externaltools.gnu-tools-for-stm32.12.3.rel1.win32_1.1.0.202410251130/tools/bin/../lib/gcc/arm-none-eabi/12.3.1/../../../../arm-none-eabi/lib/thumb/v8-m.main+fp/hard\libc_nano.a(libc_a-closer.o)
                0x0800feac                _close_r
 .text._lseek_r
                0x0800fecc       0x24 C:/ST/STM32CubeIDE_1.17.0/STM32CubeIDE/plugins/com.st.stm32cube.ide.mcu.externaltools.gnu-tools-for-stm32.12.3.rel1.win32_1.1.0.202410251130/tools/bin/../lib/gcc/arm-none-eabi/12.3.1/../../../../arm-none-eabi/lib/thumb/v8-m.main+fp/hard\libc_nano.a(libc_a-lseekr.o)
                0x0800fecc                _lseek_r
 .text._read_r  0x0800fef0       0x24 C:/ST/STM32CubeIDE_1.17.0/STM32CubeIDE/plugins/com.st.stm32cube.ide.mcu.externaltools.gnu-tools-for-stm32.12.3.rel1.win32_1.1.0.202410251130/tools/bin/../lib/gcc/arm-none-eabi/12.3.1/../../../../arm-none-eabi/lib/thumb/v8-m.main+fp/hard\libc_nano.a(libc_a-readr.o)
                0x0800fef0                _read_r